ADD_ARROWS_TO_INV               = $E88F ; addr, local, , asterion, , src/asterion_high_rom.asm:1335
ADJUST_SHIELD_LEVEL             = $E105 ; addr, local, , asterion, , src/asterion_high_rom.asm:138
AMULET                          = $C2AC ; addr, local, , asterion, , src/asterion_gfx.asm:481
AMULET_S                        = $C2C4 ; addr, local, , asterion, , src/asterion_gfx.asm:487
AMULET_T                        = $C2D4 ; addr, local, , asterion, , src/asterion_gfx.asm:492
ANIMATE_MELEE_ROUND             = $E60A ; addr, local, , asterion, , src/asterion_high_rom.asm:982
ARMOR                           = $C04A ; addr, local, , asterion, , src/asterion_gfx.asm:107
ARMOR_INV_SLOT                  = $3A74 ; const, local, , asterion, , src/asterion.inc:130
ARMOR_S                         = $C062 ; addr, local, , asterion, , src/asterion_gfx.asm:112
ARMOR_T                         = $C073 ; addr, local, , asterion, , src/asterion_gfx.asm:117
ARROW_FLYING_LEFT               = $C1BF ; addr, local, , asterion, , src/asterion_gfx.asm:336
ARROW_FLYING_RIGHT              = $C0A9 ; addr, local, , asterion, , src/asterion_gfx.asm:152
ARROW_INV                       = $3AAC ; const, local, , asterion, , src/asterion.inc:169
AUTHORS                         = $C7F7 ; addr, local, , asterion, , src/asterion_gfx.asm:938
AXE                             = $C0FC ; addr, local, , asterion, , src/asterion_gfx.asm:213
AXE_S                           = $C111 ; addr, local, , asterion, , src/asterion_gfx.asm:219
AXE_T                           = $C121 ; addr, local, , asterion, , src/asterion_gfx.asm:224
BLANK_SCRN                      = $E096 ; addr, local, , asterion, , src/asterion_high_rom.asm:86
BLINK_EXIT_AF                   = $D16B ; addr, local, , asterion, , src/asterion_func_low.asm:1293
BLINK_EXIT_ALL                  = $D168 ; addr, local, , asterion, , src/asterion_func_low.asm:1288
BLINK_EXIT_BCAF                 = $D16A ; addr, local, , asterion, , src/asterion_func_low.asm:1291
BLINK_ROUTINE                   = $D15C ; addr, local, , asterion, , src/asterion_func_low.asm:1282
BOW                             = $C0B2 ; addr, local, , asterion, , src/asterion_gfx.asm:166
BOW_S                           = $C0C6 ; addr, local, , asterion, , src/asterion_gfx.asm:172
BOW_T                           = $C0D1 ; addr, local, , asterion, , src/asterion_gfx.asm:177
BOW_XBOW_NO_BREAK               = $F0BB ; addr, local, , asterion, , src/asterion_high_rom.asm:2538
BUCKLER                         = $C001 ; addr, local, , asterion, , src/asterion_gfx.asm:46
BUCKLER_S                       = $C014 ; addr, local, , asterion, , src/asterion_gfx.asm:51
BUCKLER_T                       = $C019 ; addr, local, , asterion, , src/asterion_gfx.asm:54
BUILD_MAP                       = $F3A3 ; addr, local, , asterion, , src/asterion_high_rom.asm:2997
BYTE_ram_2400                   = $2400 ; const, local, , asterion, , src/asterion.inc:180
BYTE_ram_2613                   = $2613 ; const, local, , asterion, , src/asterion.inc:181
BYTE_ram_3a20                   = $3A20 ; const, local, , asterion, , src/asterion.inc:110
BYTE_ram_3a58                   = $3A58 ; const, local, , asterion, , src/asterion.inc:111
BYTE_ram_3a82                   = $3A82 ; const, local, , asterion, , src/asterion.inc:141
BYTE_ram_3a83                   = $3A83 ; const, local, , asterion, , src/asterion.inc:142
BYTE_ram_3a85                   = $3A85 ; const, local, , asterion, , src/asterion.inc:143
BYTE_ram_3a87                   = $3A87 ; const, local, , asterion, , src/asterion.inc:144
BYTE_ram_3a89                   = $3A89 ; const, local, , asterion, , src/asterion.inc:146
BYTE_ram_3a8a                   = $3A8A ; const, local, , asterion, , src/asterion.inc:147
BYTE_ram_3a8c                   = $3A8C ; const, local, , asterion, , src/asterion.inc:149
BYTE_ram_3a9e                   = $3A9E ; const, local, , asterion, , src/asterion.inc:159
BYTE_ram_3aa0                   = $3AA0 ; const, local, , asterion, , src/asterion.inc:160
BYTE_ram_3aa5                   = $3AA5 ; const, local, , asterion, , src/asterion.inc:164
BYTE_ram_3aa9                   = $3AA9 ; const, local, , asterion, , src/asterion.inc:167
CALC_CURR_PHYS_HEALTH           = $EF32 ; addr, local, , asterion, , src/asterion_high_rom.asm:2300
CALC_MAX_PHYS_HEALTH            = $EF57 ; addr, local, , asterion, , src/asterion_high_rom.asm:2327
CALC_MAX_SPRT_HEALTH            = $EF69 ; addr, local, , asterion, , src/asterion_high_rom.asm:2337
CALC_MINIMAP_WALL               = $E2BC ; addr, local, , asterion, , src/asterion_high_rom.asm:432
CALC_WEAPON_VALUE               = $F285 ; addr, local, , asterion, , src/asterion_high_rom.asm:2787
CALC_WEST_REDRAW                = $F79B ; addr, local, , asterion, , src/asterion_high_rom.asm:3644
CALC_WEST_REDRAW_2              = $F7A1 ; addr, local, , asterion, , src/asterion_high_rom.asm:3650
CHALICE                         = $C2D7 ; addr, local, , asterion, , src/asterion_gfx.asm:505
CHALICE_S                       = $C2EA ; addr, local, , asterion, , src/asterion_gfx.asm:510
CHALICE_T                       = $C2F2 ; addr, local, , asterion, , src/asterion_gfx.asm:514
CHAOS_POTION                    = $C36B ; addr, local, , asterion, , src/asterion_gfx.asm:597
CHAOS_POTION_S                  = $C380 ; addr, local, , asterion, , src/asterion_gfx.asm:603
CHECK_ARMOR                     = $FDB8 ; addr, local, , asterion, , src/asterion_high_rom.asm:4555
CHECK_CASE_3_WL_POTION          = $EF1F ; addr, local, , asterion, , src/asterion_high_rom.asm:2292
CHECK_FOOD_ARROWS               = $E847 ; addr, local, , asterion, , src/asterion_high_rom.asm:1290
CHECK_FOR_END_ITEM              = $F098 ; addr, local, , asterion, , src/asterion_high_rom.asm:2518
CHECK_FOR_NON_ITEMS             = $F08D ; addr, local, , asterion, , src/asterion_high_rom.asm:2512
CHECK_HELMET                    = $FD98 ; addr, local, , asterion, , src/asterion_high_rom.asm:4528
CHECK_IF_BOW_XBOW               = $F09F ; addr, local, , asterion, , src/asterion_high_rom.asm:2523
CHECK_IF_SCROLL_STAFF           = $F0BF ; addr, local, , asterion, , src/asterion_high_rom.asm:2541
CHECK_INPUT_DURING_SCREEN_SAVER = $EACB ; addr, local, , asterion, , src/asterion_high_rom.asm:1664
CHECK_MAP_NECKLACE_CHARMS       = $E895 ; addr, local, , asterion, , src/asterion_high_rom.asm:1338
CHECK_OTHERS                    = $F0D3 ; addr, local, , asterion, , src/asterion_high_rom.asm:2554
CHECK_PURPLE_L_POTION           = $EEEF ; addr, local, , asterion, , src/asterion_high_rom.asm:2264
CHECK_RING                      = $FD76 ; addr, local, , asterion, , src/asterion_high_rom.asm:4499
CHECK_WALL_F2                   = $F866 ; addr, local, , asterion, , src/asterion_high_rom.asm:3762
CHECK_WHITE_L_POTION            = $EEF9 ; addr, local, , asterion, , src/asterion_high_rom.asm:2270
CHECK_YELLOW_L_POTION           = $EEDF ; addr, local, , asterion, , src/asterion_high_rom.asm:2255
CHEST                           = $C1F5 ; addr, local, , asterion, , src/asterion_gfx.asm:370
CHEST_S                         = $C214 ; addr, local, , asterion, , src/asterion_gfx.asm:376
CHEST_T                         = $C226 ; addr, local, , asterion, , src/asterion_gfx.asm:380
CHHRAM_INV_4_IDX                = $31A9 ; const, local, , asterion, , src/asterion.inc:221
CHHRAM_INV_6_IDX                = $3251 ; const, local, , asterion, , src/asterion.inc:222
CHHRAM_LVL_IDX                  = $33DF ; const, local, , asterion, , src/asterion.inc:223
CHK_ITEM                        = $ECAC ; addr, local, , asterion, , src/asterion_high_rom.asm:1931
CHK_ITEM_BREAK                  = $E33F ; addr, local, , asterion, , src/asterion_high_rom.asm:529
CHK_NEEDS_HEALING               = $FB72 ; addr, local, , asterion, , src/asterion_high_rom.asm:4217
CHRRAM                          = $3000 ; const, local, , asterion, , src/aquarius.inc:7
CHRRAM_AUTHORS_IDX              = $3348 ; const, local, , asterion, , src/asterion.inc:224
CHRRAM_F1_WALL_IDX              = $3170 ; const, local, , asterion, , src/asterion.inc:225
CHRRAM_FL1_WALL_IDX             = $3147 ; const, local, , asterion, , src/asterion.inc:226
CHRRAM_FO_ITEM_IDX              = $3352 ; const, local, , asterion, , src/asterion.inc:227
CHRRAM_L1_DOOR_IDX              = $316D ; const, local, , asterion, , src/asterion.inc:17
CHRRAM_LEFT_HAND_ITEM_IDX       = $3271 ; const, local, , asterion, , src/asterion.inc:228
CHRRAM_LEFT_HD_GFX_IDX          = $3339 ; const, local, , asterion, , src/asterion.inc:229
CHRRAM_LEVEL_IDX                = $333D ; const, local, , asterion, , src/asterion.inc:230
CHRRAM_LEVEL_IND_L              = $3001 ; const, local, , asterion, , src/asterion.inc:2
CHRRAM_MONSTER_PHYS             = $3089 ; const, local, , asterion, , src/asterion.inc:231
CHRRAM_MONSTER_POOF_IDX         = $323B ; const, local, , asterion, , src/asterion.inc:232
CHRRAM_MONSTER_SPRT             = $3063 ; const, local, , asterion, , src/asterion.inc:233
CHRRAM_PHYS_HEALTH_1000         = $3041 ; const, local, , asterion, , src/asterion.inc:234
CHRRAM_PHYS_SHIELD_IDX          = $3069 ; const, local, , asterion, , src/asterion.inc:235
CHRRAM_PHYS_WEAPON_IDX          = $3091 ; const, local, , asterion, , src/asterion.inc:236
CHRRAM_POINTER_IDX              = $31D8 ; const, local, , asterion, , src/asterion.inc:25
CHRRAM_RH_POOF_IDX              = $336C ; const, local, , asterion, , src/asterion.inc:237
CHRRAM_RIGHT_HAND_ITEM_IDX      = $327B ; const, local, , asterion, , src/asterion.inc:238
CHRRAM_RIGHT_HD_GFX_IDX         = $3343 ; const, local, , asterion, , src/asterion.inc:239
CHRRAM_SPRT_HEALTH_10           = $3047 ; const, local, , asterion, , src/asterion.inc:240
CHRRAM_SPRT_SHIELD_IDX          = $306F ; const, local, , asterion, , src/asterion.inc:241
CHRRAM_SPRT_WEAPON_IDX          = $3097 ; const, local, , asterion, , src/asterion.inc:242
CHRRAM_STATS_TOP                = $3019 ; const, local, , asterion, , src/asterion.inc:243
CHRRAM_WALL_F0_IDX              = $30CC ; const, local, , asterion, , src/asterion.inc:15
CHRRAM_YOU_DIED_IDX             = $31E7 ; const, local, , asterion, , src/asterion.inc:244
CLEAR_MAP_SPACE                 = $D08A ; addr, local, , asterion, , src/asterion_func_low.asm:1168
CLEAR_MONSTER_STATS             = $E5AB ; addr, local, , asterion, , src/asterion_high_rom.asm:924
CLEAR_RIGHT_HAND                = $EEAA ; addr, local, , asterion, , src/asterion_high_rom.asm:2230
CLOSE_N_DOOR                    = $EDC1 ; addr, local, , asterion, , src/asterion_high_rom.asm:2098
CLOSE_W_DOOR                    = $EDC6 ; addr, local, , asterion, , src/asterion_high_rom.asm:2101
COLRAM                          = $3400 ; const, local, , asterion, , src/aquarius.inc:10
COLRAM_ARMOR_IDX                = $3413 ; const, local, , asterion, , src/asterion.inc:59
COLRAM_F0_DOOR_IDX              = $3570 ; const, local, , asterion, , src/asterion.inc:65
COLRAM_F0_WALL_MAP_IDX          = $34CC ; const, local, , asterion, , src/asterion.inc:245
COLRAM_F1_DOOR_IDX              = $35C2 ; const, local, , asterion, , src/asterion.inc:246
COLRAM_FL00_WALL_IDX            = $34A3 ; const, local, , asterion, , src/asterion.inc:247
COLRAM_FL22_WALL_IDX            = $35B8 ; const, local, , asterion, , src/asterion.inc:250
COLRAM_FL2_PLUS_WALL_IDX        = $35BE ; const, local, , asterion, , src/asterion.inc:248
COLRAM_FL2_WALL_IDX             = $35BC ; const, local, , asterion, , src/asterion.inc:249
COLRAM_FO_ITEM_IDX              = $3752 ; const, local, , asterion, , src/asterion.inc:251
COLRAM_HELMET_IDX               = $3415 ; const, local, , asterion, , src/asterion.inc:60
COLRAM_L1_DOOR_IDX              = $356D ; const, local, , asterion, , src/asterion.inc:252
COLRAM_LEVEL_IDX_L              = $3401 ; const, local, , asterion, , src/asterion.inc:55
COLRAM_MAP_IDX                  = $3411 ; const, local, , asterion, , src/asterion.inc:253
COLRAM_PHYS_STATS_1000          = $3441 ; const, local, , asterion, , src/asterion.inc:62
COLRAM_PHYS_STATS_10            = $3443 ; const, local, , asterion, , src/asterion.inc:254
COLRAM_RH_ITEM_IDX              = $3743 ; const, local, , asterion, , src/asterion.inc:255
COLRAM_RING_IDX                 = $3417 ; const, local, , asterion, , src/asterion.inc:61
COLRAM_SHIFT_MODE_IDX           = $3405 ; const, local, , asterion, , src/asterion.inc:256
COLRAM_SPRT_STATS_10            = $3446 ; const, local, , asterion, , src/asterion.inc:63
COLRAM_SPRT_STATS_1             = $3447 ; const, local, , asterion, , src/asterion.inc:257
COLRAM_VIEWPORT_IDX             = $3428 ; const, local, , asterion, , src/asterion.inc:258
COMPASS                         = $C79A ; addr, local, , asterion, , src/asterion_gfx.asm:900
COPY_TEMP_MAP_TO_REAL_MAP       = $F4CB ; addr, local, , asterion, , src/asterion_high_rom.asm:3189
COUNT_INV                       = $E217 ; addr, local, , asterion, , src/asterion_high_rom.asm:324
CROSSBOW                        = $C18C ; addr, local, , asterion, , src/asterion_gfx.asm:305
CROSSBOW_S                      = $C1AF ; addr, local, , asterion, , src/asterion_gfx.asm:311
CROSSBOW_T                      = $C1B7 ; addr, local, , asterion, , src/asterion_gfx.asm:315
CURR_MONSTER_PHYS               = $3AA3 ; const, local, , asterion, , src/asterion.inc:163
CURR_MONSTER_SPRT               = $3AA2 ; const, local, , asterion, , src/asterion.inc:162
DAT_ram_303f                    = $303F ; const, local, , asterion, , src/asterion.inc:182
DAT_ram_3050                    = $3050 ; const, local, , asterion, , src/asterion.inc:14
DAT_ram_3051                    = $3051 ; const, local, , asterion, , src/asterion.inc:183
DAT_ram_30a0                    = $30A0 ; const, local, , asterion, , src/asterion.inc:184
DAT_ram_30c8                    = $30C8 ; const, local, , asterion, , src/asterion.inc:185
DAT_ram_30df                    = $30DF ; const, local, , asterion, , src/asterion.inc:186
DAT_ram_310c                    = $310C ; const, local, , asterion, , src/asterion.inc:187
DAT_ram_3111                    = $3111 ; const, local, , asterion, , src/asterion.inc:188
DAT_ram_3150                    = $3150 ; const, local, , asterion, , src/asterion.inc:189
DAT_ram_3168                    = $3168 ; const, local, , asterion, , src/asterion.inc:16
DAT_ram_316c                    = $316C ; const, local, , asterion, , src/asterion.inc:190
DAT_ram_3177                    = $3177 ; const, local, , asterion, , src/asterion.inc:18
DAT_ram_3178                    = $3178 ; const, local, , asterion, , src/asterion.inc:191
DAT_ram_317a                    = $317A ; const, local, , asterion, , src/asterion.inc:19
DAT_ram_317c                    = $317C ; const, local, , asterion, , src/asterion.inc:192
DAT_ram_317f                    = $317F ; const, local, , asterion, , src/asterion.inc:20
DAT_ram_31af                    = $31AF ; const, local, , asterion, , src/asterion.inc:193
DAT_ram_31b4                    = $31B4 ; const, local, , asterion, , src/asterion.inc:194
DAT_ram_3200                    = $3200 ; const, local, , asterion, , src/asterion.inc:195
DAT_ram_3230                    = $3230 ; const, local, , asterion, , src/asterion.inc:196
DAT_ram_324c                    = $324C ; const, local, , asterion, , src/asterion.inc:197
DAT_ram_3259                    = $3259 ; const, local, , asterion, , src/asterion.inc:26
DAT_ram_3266                    = $3266 ; const, local, , asterion, , src/asterion.inc:27
DAT_ram_326e                    = $326E ; const, local, , asterion, , src/asterion.inc:28
DAT_ram_32da                    = $32DA ; const, local, , asterion, , src/asterion.inc:198
DAT_ram_335c                    = $335C ; const, local, , asterion, , src/asterion.inc:199
DAT_ram_33c0                    = $33C0 ; const, local, , asterion, , src/asterion.inc:200
DAT_ram_33ed                    = $33ED ; const, local, , asterion, , src/asterion.inc:38
DAT_ram_33ef                    = $33EF ; const, local, , asterion, , src/asterion.inc:40
DAT_ram_33f2                    = $33F2 ; const, local, , asterion, , src/asterion.inc:43
DAT_ram_33f5                    = $33F5 ; const, local, , asterion, , src/asterion.inc:46
DAT_ram_33f9                    = $33F9 ; const, local, , asterion, , src/asterion.inc:49
DAT_ram_33fd                    = $33FD ; const, local, , asterion, , src/asterion.inc:52
DAT_ram_34b4                    = $34B4 ; const, local, , asterion, , src/asterion.inc:201
DAT_ram_34c8                    = $34C8 ; const, local, , asterion, , src/asterion.inc:202
DAT_ram_34dc                    = $34DC ; const, local, , asterion, , src/asterion.inc:203
DAT_ram_351a                    = $351A ; const, local, , asterion, , src/asterion.inc:204
DAT_ram_352d                    = $352D ; const, local, , asterion, , src/asterion.inc:205
DAT_ram_3547                    = $3547 ; const, local, , asterion, , src/asterion.inc:206
DAT_ram_3550                    = $3550 ; const, local, , asterion, , src/asterion.inc:207
DAT_ram_3568                    = $3568 ; const, local, , asterion, , src/asterion.inc:64
DAT_ram_356c                    = $356C ; const, local, , asterion, , src/asterion.inc:208
DAT_ram_3577                    = $3577 ; const, local, , asterion, , src/asterion.inc:209
DAT_ram_3578                    = $3578 ; const, local, , asterion, , src/asterion.inc:210
DAT_ram_357a                    = $357A ; const, local, , asterion, , src/asterion.inc:211
DAT_ram_357c                    = $357C ; const, local, , asterion, , src/asterion.inc:212
DAT_ram_357f                    = $357F ; const, local, , asterion, , src/asterion.inc:66
DAT_ram_35ba                    = $35BA ; const, local, , asterion, , src/asterion.inc:213
DAT_ram_35c0                    = $35C0 ; const, local, , asterion, , src/asterion.inc:214
DAT_ram_35c6                    = $35C6 ; const, local, , asterion, , src/asterion.inc:215
DAT_ram_35c8                    = $35C8 ; const, local, , asterion, , src/asterion.inc:216
DAT_ram_35ca                    = $35CA ; const, local, , asterion, , src/asterion.inc:217
DAT_ram_35cc                    = $35CC ; const, local, , asterion, , src/asterion.inc:218
DAT_ram_35d8                    = $35D8 ; const, local, , asterion, , src/asterion.inc:71
DAT_ram_3728                    = $3728 ; const, local, , asterion, , src/asterion.inc:78
DECREASE_PITCH                  = $CF07 ; addr, local, , asterion, , src/asterion_func_low.asm:976
DIR_FACING_BW                   = $3A61 ; const, local, , asterion, , src/asterion.inc:113
DIR_FACING_FW                   = $3A60 ; const, local, , asterion, , src/asterion.inc:112
DIR_FACING_SHORT                = $3A62 ; const, local, , asterion, , src/asterion.inc:114
DISABLE_HC                      = $E309 ; addr, local, , asterion, , src/asterion_high_rom.asm:487
DISABLE_JOY_04                  = $EBFD ; addr, local, , asterion, , src/asterion_high_rom.asm:1829
DOINK_SOUND                     = $CDDA ; addr, local, , asterion, , src/asterion_func_low.asm:836
DOOR_CLOSE_ANIM_LOOP            = $EDE2 ; addr, local, , asterion, , src/asterion_high_rom.asm:2115
DO_CLOSE_EYES                   = $D1A6 ; addr, local, , asterion, , src/asterion_func_low.asm:1322
DO_COUNT_ARROWS                 = $E22B ; addr, local, , asterion, , src/asterion_high_rom.asm:338
DO_COUNT_FOOD                   = $E214 ; addr, local, , asterion, , src/asterion_high_rom.asm:322
DO_GLANCE_LEFT                  = $EE48 ; addr, local, , asterion, , src/asterion_high_rom.asm:2170
DO_GLANCE_RIGHT                 = $EE32 ; addr, local, , asterion, , src/asterion_high_rom.asm:2161
DO_HC_BUTTON_ACTIONS            = $CFCB ; addr, local, , asterion, , src/asterion_func_low.asm:1073
DO_HC_SHIFT_ACTIONS             = $D000 ; addr, local, , asterion, , src/asterion_func_low.asm:1100
DO_JUMP_BACK                    = $E1D0 ; addr, local, , asterion, , src/asterion_high_rom.asm:293
DO_MOVE_FW_CHK_WALLS            = $E19E ; addr, local, , asterion, , src/asterion_high_rom.asm:270
DO_OPEN_BOX                     = $ECFB ; addr, local, , asterion, , src/asterion_high_rom.asm:1985
DO_OPEN_CLOSE                   = $ECDB ; addr, local, , asterion, , src/asterion_high_rom.asm:1963
DO_OPEN_EYES                    = $D18F ; addr, local, , asterion, , src/asterion_func_low.asm:1312
DO_PICK_UP                      = $E7CC ; addr, local, , asterion, , src/asterion_high_rom.asm:1216
DO_REST                         = $FB6B ; addr, local, , asterion, , src/asterion_high_rom.asm:4213
DO_ROTATE_PACK                  = $E9F8 ; addr, local, , asterion, , src/asterion_high_rom.asm:1562
DO_SWAP_HANDS                   = $E6CC ; addr, local, , asterion, , src/asterion_high_rom.asm:1082
DO_SWAP_PACK                    = $EA68 ; addr, local, , asterion, , src/asterion_high_rom.asm:1612
DO_TELEPORT                     = $FD30 ; addr, local, , asterion, , src/asterion_high_rom.asm:4451
DO_TURN_LEFT                    = $EE00 ; addr, local, , asterion, , src/asterion_high_rom.asm:2132
DO_TURN_RIGHT                   = $EE18 ; addr, local, , asterion, , src/asterion_high_rom.asm:2146
DO_USE_ATTACK                   = $EE5E ; addr, local, , asterion, , src/asterion_high_rom.asm:2179
DO_USE_CHAOS_POTION             = $EE86 ; addr, local, , asterion, , src/asterion_high_rom.asm:2208
DO_USE_KEY                      = $F021 ; addr, local, , asterion, , src/asterion_high_rom.asm:2445
DO_USE_LADDER                   = $F2A3 ; addr, local, , asterion, , src/asterion_high_rom.asm:2818
DO_USE_PHYS_POTION              = $EFF1 ; addr, local, , asterion, , src/asterion_high_rom.asm:2411
DO_USE_SPRT_POTION              = $F009 ; addr, local, , asterion, , src/asterion_high_rom.asm:2428
DRAGON                          = $C519 ; addr, local, , asterion, , src/asterion_gfx.asm:762
DRAGON_S                        = $C585 ; addr, local, , asterion, , src/asterion_gfx.asm:773
DRAW_BKGD                       = $D049 ; addr, local, , asterion, , src/asterion_func_low.asm:1137
DRAW_CELL                       = $C92F ; addr, local, , asterion, , src/asterion_func_low.asm:93
DRAW_CHRCOLS                    = $C939 ; addr, local, , asterion, , src/asterion_func_low.asm:101
DRAW_COMPASS                    = $D20C ; addr, local, , asterion, , src/asterion_func_low.asm:1399
DRAW_DOOR_F0                    = $C956 ; addr, local, , asterion, , src/asterion_func_low.asm:119
DRAW_DOOR_F1_OPEN               = $C981 ; addr, local, , asterion, , src/asterion_func_low.asm:143
DRAW_DOOR_F2_OPEN               = $C99D ; addr, local, , asterion, , src/asterion_func_low.asm:158
DRAW_DOOR_FLO                   = $C9DC ; addr, local, , asterion, , src/asterion_func_low.asm:194
DRAW_F0_WALL                    = $C946 ; addr, local, , asterion, , src/asterion_func_low.asm:111
DRAW_F0_WALL_AND_CLOSED_DOOR    = $C951 ; addr, local, , asterion, , src/asterion_func_low.asm:116
DRAW_FL1_DOOR                   = $CAD5 ; addr, local, , asterion, , src/asterion_func_low.asm:348
DRAW_FRO_DOOR                   = $CBC8 ; addr, local, , asterion, , src/asterion_func_low.asm:502
DRAW_ICON_BAR                   = $D1D8 ; addr, local, , asterion, , src/asterion_func_low.asm:1359
DRAW_L1                         = $CAE3 ; addr, local, , asterion, , src/asterion_func_low.asm:360
DRAW_L1_DOOR                    = $CAEE ; addr, local, , asterion, , src/asterion_func_low.asm:369
DRAW_L1_DOOR_2                  = $CB24 ; addr, local, , asterion, , src/asterion_func_low.asm:398
DRAW_L1_DOOR_CLOSED             = $CB1F ; addr, local, , asterion, , src/asterion_func_low.asm:395
DRAW_L1_WALL                    = $CA92 ; addr, local, , asterion, , src/asterion_func_low.asm:308
DRAW_MINIMAP_WALL               = $E2DD ; addr, local, , asterion, , src/asterion_high_rom.asm:457
DRAW_PURPLE_MAP                 = $E294 ; addr, local, , asterion, , src/asterion_high_rom.asm:402
DRAW_RED_MAP                    = $E2B3 ; addr, local, , asterion, , src/asterion_high_rom.asm:428
DRAW_ROW                        = $C925 ; addr, local, , asterion, , src/asterion_func_low.asm:86
DRAW_TITLE                      = $E06B ; addr, local, , asterion, , src/asterion_high_rom.asm:55
DRAW_WALL_F0_AND_OPEN_DOOR      = $C95F ; addr, local, , asterion, , src/asterion_func_low.asm:123
DRAW_WALL_F1                    = $C967 ; addr, local, , asterion, , src/asterion_func_low.asm:129
DRAW_WALL_F1_AND_CLOSED_DOOR    = $C97C ; addr, local, , asterion, , src/asterion_func_low.asm:140
DRAW_WALL_F1_AND_OPEN_DOOR      = $C98A ; addr, local, , asterion, , src/asterion_func_low.asm:147
DRAW_WALL_F2                    = $C992 ; addr, local, , asterion, , src/asterion_func_low.asm:151
DRAW_WALL_FL0                   = $C9A8 ; addr, local, , asterion, , src/asterion_func_low.asm:164
DRAW_WALL_FL22                  = $CA87 ; addr, local, , asterion, , src/asterion_func_low.asm:303
DRAW_WALL_FL22_EMPTY            = $D23D ; addr, local, , asterion, , src/asterion_func_low.asm:1431
DRAW_WALL_FL2                   = $CB2D ; addr, local, , asterion, , src/asterion_func_low.asm:402
DRAW_WALL_FL2_EMPTY             = $CB42 ; addr, local, , asterion, , src/asterion_func_low.asm:413
DRAW_WALL_FL2_NEW               = $D253 ; addr, local, , asterion, , src/asterion_func_low.asm:1440
DRAW_WALL_FR1                   = $CC81 ; addr, local, , asterion, , src/asterion_func_low.asm:619
DRAW_WALL_FR222_EMPTY           = $CC76 ; addr, local, , asterion, , src/asterion_func_low.asm:614
DRAW_WALL_FR2                   = $CD3B ; addr, local, , asterion, , src/asterion_func_low.asm:730
DRAW_WALL_FR2_EMPTY             = $CD30 ; addr, local, , asterion, , src/asterion_func_low.asm:725
DRAW_WALL_L2                    = $CB4D ; addr, local, , asterion, , src/asterion_func_low.asm:418
DRAW_WALL_L2_C                  = $CB8D ; addr, local, , asterion, , src/asterion_func_low.asm:468
DRAW_WALL_L2_C_EMPTY            = $CB98 ; addr, local, , asterion, , src/asterion_func_low.asm:475
DRAW_WHITE_MAP                  = $D099 ; addr, local, , asterion, , src/asterion_func_low.asm:1179
DRAW_YELLOW_MAP                 = $E2AB ; addr, local, , asterion, , src/asterion_high_rom.asm:422
DUNGEON_LEVEL                   = $3A68 ; const, local, , asterion, , src/asterion.inc:120
EAST_TXT                        = $F795 ; addr, local, , asterion, , src/asterion_high_rom.asm:3638
ENABLE_HC                       = $E2F9 ; addr, local, , asterion, , src/asterion_high_rom.asm:476
ENABLE_JOY_04                   = $EC09 ; addr, local, , asterion, , src/asterion_high_rom.asm:1838
END_OF_GAME_SOUND               = $CDD4 ; addr, local, , asterion, , src/asterion_func_low.asm:832
EXCL_MARK_GFX                   = $C38B ; addr, local, , asterion, , src/asterion_gfx.asm:615
F0_HD_NO_WALL                   = $F98F ; addr, local, , asterion, , src/asterion_high_rom.asm:3930
F0_NO_HD                        = $F825 ; addr, local, , asterion, , src/asterion_high_rom.asm:3725
F0_NO_HD_NO_WALL                = $F833 ; addr, local, , asterion, , src/asterion_high_rom.asm:3732
F0_NO_HD_WALL_OPEN              = $F81F ; addr, local, , asterion, , src/asterion_high_rom.asm:3722
F1_HD_NO_WALL                   = $F8C0 ; addr, local, , asterion, , src/asterion_high_rom.asm:3814
F1_NO_HD                        = $F84C ; addr, local, , asterion, , src/asterion_high_rom.asm:3747
F1_NO_HD_WALL_OPEN              = $F846 ; addr, local, , asterion, , src/asterion_high_rom.asm:3744
F2_WALL                         = $F860 ; addr, local, , asterion, , src/asterion_high_rom.asm:3759
FACING_EAST                     = $F6FF ; addr, local, , asterion, , src/asterion_high_rom.asm:3548
FACING_NORTH                    = $F5B4 ; addr, local, , asterion, , src/asterion_high_rom.asm:3345
FACING_SOUTH                    = $F649 ; addr, local, , asterion, , src/asterion_high_rom.asm:3435
FILL_CHRCOL_RECT                = $C936 ; addr, local, , asterion, , src/asterion_func_low.asm:99
FILL_FULL_1024                  = $1E59 ; const, local, , asterion, , src/aquarius.inc:4
FIND_NEXT_ITEM_MONSTER_LOOP     = $E318 ; addr, local, , asterion, , src/asterion_high_rom.asm:496
FINISH_BYTE_LOOP                = $FAC1 ; addr, local, , asterion, , src/asterion_high_rom.asm:4097
FIREBALL                        = $C124 ; addr, local, , asterion, , src/asterion_gfx.asm:237
FIREBALL_S                      = $C135 ; addr, local, , asterion, , src/asterion_gfx.asm:242
FIREBALL_T                      = $C13A ; addr, local, , asterion, , src/asterion_gfx.asm:245
FIX_ICON_COLORS                 = $D273 ; addr, local, , asterion, , src/asterion_func_low.asm:1453
FIX_RH_COLORS                   = $E364 ; addr, local, , asterion, , src/asterion_high_rom.asm:560
FOOD                            = $C229 ; addr, local, , asterion, , src/asterion_gfx.asm:393
FOOD_INV                        = $3AAB ; const, local, , asterion, , src/asterion.inc:168
FOOD_S                          = $C240 ; addr, local, , asterion, , src/asterion_gfx.asm:398
FOOD_T                          = $C24A ; addr, local, , asterion, , src/asterion_gfx.asm:402
FW_WALLS_CLEAR_CHK_MONSTER      = $E1AB ; addr, local, , asterion, , src/asterion_high_rom.asm:276
GAMEINIT                        = $E010 ; addr, local, , asterion, , src/asterion_high_rom.asm:1
GAME_BOOLEANS                   = $3AB9 ; const, local, , asterion, , src/asterion.inc:174
GENERATE_MAPWALLS_LOOP          = $F3A8 ; addr, local, , asterion, , src/asterion_high_rom.asm:3000
GEN_ITEM_MAP                    = $F3E4 ; addr, local, , asterion, , src/asterion_high_rom.asm:3039
GEN_MAP_NW_WALL_LOOP            = $F3BC ; addr, local, , asterion, , src/asterion_high_rom.asm:3012
GEN_RND_ITEM                    = $F3FF ; addr, local, , asterion, , src/asterion_high_rom.asm:3057
GFX_DRAW                        = $F335 ; addr, local, , asterion, , src/asterion_high_rom.asm:2909
GFX_END_PT1                     = $FFB4 ; addr, local, , asterion, , src/asterion_gfx_pointers.asm:169
GFX_POINTERS                    = $FEFF ; addr, local, , asterion, , src/asterion_gfx_pointers.asm:1
GFX_PTR_AMULET                  = $FF8A ; addr, local, , asterion, , src/asterion_gfx_pointers.asm:130
GFX_PTR_AMULET_S                = $FF8C ; addr, local, , asterion, , src/asterion_gfx_pointers.asm:132
GFX_PTR_AMULET_T                = $FF8E ; addr, local, , asterion, , src/asterion_gfx_pointers.asm:134
GFX_PTR_ARMOR                   = $FF12 ; addr, local, , asterion, , src/asterion_gfx_pointers.asm:21
GFX_PTR_ARMOR_S                 = $FF14 ; addr, local, , asterion, , src/asterion_gfx_pointers.asm:23
GFX_PTR_ARMOR_T                 = $FF16 ; addr, local, , asterion, , src/asterion_gfx_pointers.asm:25
GFX_PTR_ARROW_L                 = $FF1E ; addr, local, , asterion, , src/asterion_gfx_pointers.asm:33
GFX_PTR_ARROW_L_2               = $FF22 ; addr, local, , asterion, , src/asterion_gfx_pointers.asm:37
GFX_PTR_ARROW_R                 = $FF20 ; addr, local, , asterion, , src/asterion_gfx_pointers.asm:35
GFX_PTR_ARROW_R_2               = $FF5A ; addr, local, , asterion, , src/asterion_gfx_pointers.asm:87
GFX_PTR_AXE                     = $FF30 ; addr, local, , asterion, , src/asterion_gfx_pointers.asm:51
GFX_PTR_AXE_S                   = $FF32 ; addr, local, , asterion, , src/asterion_gfx_pointers.asm:53
GFX_PTR_AXE_T                   = $FF34 ; addr, local, , asterion, , src/asterion_gfx_pointers.asm:55
GFX_PTR_BOW                     = $FF24 ; addr, local, , asterion, , src/asterion_gfx_pointers.asm:39
GFX_PTR_BOW_S                   = $FF26 ; addr, local, , asterion, , src/asterion_gfx_pointers.asm:41
GFX_PTR_BOW_T                   = $FF28 ; addr, local, , asterion, , src/asterion_gfx_pointers.asm:43
GFX_PTR_BUCKLER                 = $FF00 ; addr, local, , asterion, , src/asterion_gfx_pointers.asm:3
GFX_PTR_BUCKLER_S               = $FF02 ; addr, local, , asterion, , src/asterion_gfx_pointers.asm:5
GFX_PTR_BUCKLER_T               = $FF04 ; addr, local, , asterion, , src/asterion_gfx_pointers.asm:7
GFX_PTR_CHALICE                 = $FF90 ; addr, local, , asterion, , src/asterion_gfx_pointers.asm:136
GFX_PTR_CHALICE_S               = $FF92 ; addr, local, , asterion, , src/asterion_gfx_pointers.asm:138
GFX_PTR_CHALICE_T               = $FF94 ; addr, local, , asterion, , src/asterion_gfx_pointers.asm:140
GFX_PTR_CHAOS_POTION            = $FFA8 ; addr, local, , asterion, , src/asterion_gfx_pointers.asm:160
GFX_PTR_CHAOS_POTION_S          = $FFAA ; addr, local, , asterion, , src/asterion_gfx_pointers.asm:162
GFX_PTR_CHAOS_POTION_T          = $FFAC ; addr, local, , asterion, , src/asterion_gfx_pointers.asm:164
GFX_PTR_CHEST                   = $FF66 ; addr, local, , asterion, , src/asterion_gfx_pointers.asm:97
GFX_PTR_CHEST_S                 = $FF68 ; addr, local, , asterion, , src/asterion_gfx_pointers.asm:99
GFX_PTR_CHEST_T                 = $FF6A ; addr, local, , asterion, , src/asterion_gfx_pointers.asm:101
GFX_PTR_CROSSBOW                = $FF48 ; addr, local, , asterion, , src/asterion_gfx_pointers.asm:75
GFX_PTR_CROSSBOW_S              = $FF4A ; addr, local, , asterion, , src/asterion_gfx_pointers.asm:77
GFX_PTR_CROSSBOW_T              = $FF4C ; addr, local, , asterion, , src/asterion_gfx_pointers.asm:79
GFX_PTR_DRAGON                  = $FFD4 ; addr, local, , asterion, , src/asterion_gfx_pointers.asm:196
GFX_PTR_DRAGON_S                = $FFD6 ; addr, local, , asterion, , src/asterion_gfx_pointers.asm:198
GFX_PTR_END_A                   = $FFD8 ; addr, local, , asterion, , src/asterion_gfx_pointers.asm:200
GFX_PTR_END_B                   = $FFDE ; addr, local, , asterion, , src/asterion_gfx_pointers.asm:206
GFX_PTR_END_C                   = $FFE4 ; addr, local, , asterion, , src/asterion_gfx_pointers.asm:212
GFX_PTR_END_D                   = $FFEA ; addr, local, , asterion, , src/asterion_gfx_pointers.asm:218
GFX_PTR_FIREBALL                = $FF36 ; addr, local, , asterion, , src/asterion_gfx_pointers.asm:57
GFX_PTR_FIREBALL_S              = $FF38 ; addr, local, , asterion, , src/asterion_gfx_pointers.asm:59
GFX_PTR_FIREBALL_T              = $FF3A ; addr, local, , asterion, , src/asterion_gfx_pointers.asm:61
GFX_PTR_FOOD                    = $FF6C ; addr, local, , asterion, , src/asterion_gfx_pointers.asm:103
GFX_PTR_FOOD_S                  = $FF6E ; addr, local, , asterion, , src/asterion_gfx_pointers.asm:105
GFX_PTR_FOOD_T                  = $FF70 ; addr, local, , asterion, , src/asterion_gfx_pointers.asm:107
GFX_PTR_GRYPHON                 = $FFE6 ; addr, local, , asterion, , src/asterion_gfx_pointers.asm:214
GFX_PTR_GRYPHON_S               = $FFE8 ; addr, local, , asterion, , src/asterion_gfx_pointers.asm:216
GFX_PTR_HELMET                  = $FF0C ; addr, local, , asterion, , src/asterion_gfx_pointers.asm:15
GFX_PTR_HELMET_S                = $FF0E ; addr, local, , asterion, , src/asterion_gfx_pointers.asm:17
GFX_PTR_HELMET_T                = $FF10 ; addr, local, , asterion, , src/asterion_gfx_pointers.asm:19
GFX_PTR_KEY                     = $FF84 ; addr, local, , asterion, , src/asterion_gfx_pointers.asm:124
GFX_PTR_KEY_S                   = $FF86 ; addr, local, , asterion, , src/asterion_gfx_pointers.asm:126
GFX_PTR_KEY_T                   = $FF88 ; addr, local, , asterion, , src/asterion_gfx_pointers.asm:128
GFX_PTR_LADDER                  = $FF60 ; addr, local, , asterion, , src/asterion_gfx_pointers.asm:91
GFX_PTR_LADDER_S                = $FF62 ; addr, local, , asterion, , src/asterion_gfx_pointers.asm:93
GFX_PTR_LADDER_T                = $FF64 ; addr, local, , asterion, , src/asterion_gfx_pointers.asm:95
GFX_PTR_LOCK_CHEST              = $FF78 ; addr, local, , asterion, , src/asterion_gfx_pointers.asm:115
GFX_PTR_LOCK_CHEST_S            = $FF7A ; addr, local, , asterion, , src/asterion_gfx_pointers.asm:117
GFX_PTR_LOCK_CHEST_T            = $FF7C ; addr, local, , asterion, , src/asterion_gfx_pointers.asm:119
GFX_PTR_MACE                    = $FF3C ; addr, local, , asterion, , src/asterion_gfx_pointers.asm:63
GFX_PTR_MACE_S                  = $FF3E ; addr, local, , asterion, , src/asterion_gfx_pointers.asm:65
GFX_PTR_MACE_T                  = $FF40 ; addr, local, , asterion, , src/asterion_gfx_pointers.asm:67
GFX_PTR_MAGE_POTION             = $FF9C ; addr, local, , asterion, , src/asterion_gfx_pointers.asm:148
GFX_PTR_MAGE_POTION_S           = $FF9E ; addr, local, , asterion, , src/asterion_gfx_pointers.asm:150
GFX_PTR_MAGE_POTION_T           = $FFA0 ; addr, local, , asterion, , src/asterion_gfx_pointers.asm:152
GFX_PTR_MALOCCHIO               = $FFCE ; addr, local, , asterion, , src/asterion_gfx_pointers.asm:191
GFX_PTR_MALOCCHIO_S             = $FFD0 ; addr, local, , asterion, , src/asterion_gfx_pointers.asm:193
GFX_PTR_MAP                     = $FFA2 ; addr, local, , asterion, , src/asterion_gfx_pointers.asm:154
GFX_PTR_MAP_S                   = $FFA4 ; addr, local, , asterion, , src/asterion_gfx_pointers.asm:156
GFX_PTR_MAP_T                   = $FFA6 ; addr, local, , asterion, , src/asterion_gfx_pointers.asm:158
GFX_PTR_MIMIC                   = $FFC8 ; addr, local, , asterion, , src/asterion_gfx_pointers.asm:186
GFX_PTR_MIMIC_S                 = $FFCA ; addr, local, , asterion, , src/asterion_gfx_pointers.asm:188
GFX_PTR_MINOTAUR                = $FFEC ; addr, local, , asterion, , src/asterion_gfx_pointers.asm:220
GFX_PTR_MINOTAUR_S              = $FFEE ; addr, local, , asterion, , src/asterion_gfx_pointers.asm:222
GFX_PTR_MUMMY                   = $FFDA ; addr, local, , asterion, , src/asterion_gfx_pointers.asm:202
GFX_PTR_MUMMY_S                 = $FFDC ; addr, local, , asterion, , src/asterion_gfx_pointers.asm:204
GFX_PTR_NECRO                   = $FFE0 ; addr, local, , asterion, , src/asterion_gfx_pointers.asm:208
GFX_PTR_NECRO_S                 = $FFE2 ; addr, local, , asterion, , src/asterion_gfx_pointers.asm:210
GFX_PTR_PAVISE                  = $FF18 ; addr, local, , asterion, , src/asterion_gfx_pointers.asm:27
GFX_PTR_PAVISE_S                = $FF1A ; addr, local, , asterion, , src/asterion_gfx_pointers.asm:29
GFX_PTR_PAVISE_T                = $FF1C ; addr, local, , asterion, , src/asterion_gfx_pointers.asm:31
GFX_PTR_QUIVER                  = $FF72 ; addr, local, , asterion, , src/asterion_gfx_pointers.asm:109
GFX_PTR_QUIVER_S                = $FF74 ; addr, local, , asterion, , src/asterion_gfx_pointers.asm:111
GFX_PTR_QUIVER_T                = $FF76 ; addr, local, , asterion, , src/asterion_gfx_pointers.asm:113
GFX_PTR_RING                    = $FF06 ; addr, local, , asterion, , src/asterion_gfx_pointers.asm:9
GFX_PTR_RING_S                  = $FF08 ; addr, local, , asterion, , src/asterion_gfx_pointers.asm:11
GFX_PTR_RING_T                  = $FF0A ; addr, local, , asterion, , src/asterion_gfx_pointers.asm:13
GFX_PTR_SCROLL                  = $FF2A ; addr, local, , asterion, , src/asterion_gfx_pointers.asm:45
GFX_PTR_SCROLL_NEW_T            = $FF2E ; addr, local, , asterion, , src/asterion_gfx_pointers.asm:49
GFX_PTR_SCROLL_S                = $FF2C ; addr, local, , asterion, , src/asterion_gfx_pointers.asm:47
GFX_PTR_SKELETON                = $FFB6 ; addr, local, , asterion, , src/asterion_gfx_pointers.asm:171
GFX_PTR_SKELETON_S              = $FFB8 ; addr, local, , asterion, , src/asterion_gfx_pointers.asm:173
GFX_PTR_SNAKE                   = $FFBC ; addr, local, , asterion, , src/asterion_gfx_pointers.asm:176
GFX_PTR_SNAKE_S                 = $FFBE ; addr, local, , asterion, , src/asterion_gfx_pointers.asm:178
GFX_PTR_SPIDER                  = $FFC2 ; addr, local, , asterion, , src/asterion_gfx_pointers.asm:181
GFX_PTR_SPIDER_S                = $FFC4 ; addr, local, , asterion, , src/asterion_gfx_pointers.asm:183
GFX_PTR_STAFF                   = $FF42 ; addr, local, , asterion, , src/asterion_gfx_pointers.asm:69
GFX_PTR_STAFF_S                 = $FF44 ; addr, local, , asterion, , src/asterion_gfx_pointers.asm:71
GFX_PTR_STAFF_T                 = $FF46 ; addr, local, , asterion, , src/asterion_gfx_pointers.asm:73
GFX_PTR_WARRIOR_POTION          = $FF96 ; addr, local, , asterion, , src/asterion_gfx_pointers.asm:142
GFX_PTR_WARRIOR_POTION_S        = $FF98 ; addr, local, , asterion, , src/asterion_gfx_pointers.asm:144
GFX_PTR_WARRIOR_POTION_T        = $FF9A ; addr, local, , asterion, , src/asterion_gfx_pointers.asm:146
GOTO_GAME_START                 = $EC8D ; addr, local, , asterion, , src/asterion_high_rom.asm:1911
GRYPHON                         = $C695 ; addr, local, , asterion, , src/asterion_gfx.asm:843
GRYPHON_S                       = $C6F5 ; addr, local, , asterion, , src/asterion_gfx.asm:853
HC_INPUT_HOLDER                 = $37FE ; const, local, , asterion, , src/asterion.inc:97
HC_JOY_INPUT_COMPARE            = $CF0E ; addr, local, , asterion, , src/asterion_func_low.asm:980
HC_LAST_INPUT                   = $37FF ; const, local, , asterion, , src/asterion.inc:259
HC_LEVEL_SELECT_LOOP            = $EC23 ; addr, local, , asterion, , src/asterion_high_rom.asm:1853
HEAL_PLAYER_PHYS_HEALTH         = $FB8C ; addr, local, , asterion, , src/asterion_high_rom.asm:4229
HEAL_PLAYER_SPRT_HEALTH         = $FBB6 ; addr, local, , asterion, , src/asterion_high_rom.asm:4246
HELMET                          = $C02F ; addr, local, , asterion, , src/asterion_gfx.asm:86
HELMET_INV_SLOT                 = $3A75 ; const, local, , asterion, , src/asterion.inc:131
HELMET_S                        = $C03D ; addr, local, , asterion, , src/asterion_gfx.asm:90
HELMET_T                        = $C047 ; addr, local, , asterion, , src/asterion_gfx.asm:94
HI_LO_PITCH_SOUND               = $CE6E ; addr, local, , asterion, , src/asterion_func_low.asm:900
ICON_GREY_FILL_LOOP             = $D28A ; addr, local, , asterion, , src/asterion_func_low.asm:1468
IDX_HEALTH_SPACER               = $3045 ; const, local, , asterion, , src/asterion.inc:260
IDX_VIEWPORT_CHRRAM             = $3028 ; const, local, , asterion, , src/asterion.inc:13
INCREASE_MAX_PHYS_HEALTH        = $E4F7 ; addr, local, , asterion, , src/asterion_high_rom.asm:804
INCREASE_MAX_SPRT_HEALTH        = $E57B ; addr, local, , asterion, , src/asterion_high_rom.asm:884
INCREASE_PITCH                  = $CEF7 ; addr, local, , asterion, , src/asterion_func_low.asm:969
INIT_MELEE_ANIM                 = $F24E ; addr, local, , asterion, , src/asterion_high_rom.asm:2762
INPUT_DEBOUNCE                  = $EA9C ; addr, local, , asterion, , src/asterion_high_rom.asm:1632
INPUT_HOLDER                    = $3A6C ; const, local, , asterion, , src/asterion.inc:127
INV_ITEM_SLOT_1                 = $3A7C ; const, local, , asterion, , src/asterion.inc:138
ITEM_F0                         = $37EA ; const, local, , asterion, , src/asterion.inc:83
ITEM_F1                         = $37E9 ; const, local, , asterion, , src/asterion.inc:82
ITEM_F2                         = $37E8 ; const, local, , asterion, , src/asterion.inc:81
ITEM_FL1                        = $37EB ; const, local, , asterion, , src/asterion.inc:84
ITEM_FR1                        = $37EC ; const, local, , asterion, , src/asterion.inc:85
ITEM_HOLDER                     = $3AA1 ; const, local, , asterion, , src/asterion.inc:161
ITEM_MAP_CHECK                  = $F7F3 ; addr, local, , asterion, , src/asterion_high_rom.asm:3693
ITEM_MOVE_CHR_BUFFER            = $3A00 ; const, local, , asterion, , src/asterion.inc:108
ITEM_MOVE_COL_BUFFER            = $3A10 ; const, local, , asterion, , src/asterion.inc:109
ITEM_NOT_RD_YL                  = $ECC5 ; addr, local, , asterion, , src/asterion_high_rom.asm:1947
ITEM_POOFS_RH                   = $E350 ; addr, local, , asterion, , src/asterion_high_rom.asm:543
ITEM_USED_UP                    = $E58C ; addr, local, , asterion, , src/asterion_high_rom.asm:894
ITEM_WAS_RD_MG                  = $ECBC ; addr, local, , asterion, , src/asterion_high_rom.asm:1941
ITEM_WAS_YL_WH                  = $ECBA ; addr, local, , asterion, , src/asterion_high_rom.asm:1939
KEY                             = $C291 ; addr, local, , asterion, , src/asterion_gfx.asm:461
KEY_COL_0                       = $FBE8 ; addr, local, , asterion, , src/asterion_high_rom.asm:4273
KEY_COL_1                       = $FC0A ; addr, local, , asterion, , src/asterion_high_rom.asm:4288
KEY_COL_2                       = $FC2A ; addr, local, , asterion, , src/asterion_high_rom.asm:4303
KEY_COL_3                       = $FC4A ; addr, local, , asterion, , src/asterion_high_rom.asm:4318
KEY_COL_4                       = $FC6A ; addr, local, , asterion, , src/asterion_high_rom.asm:4333
KEY_COL_5                       = $FC8A ; addr, local, , asterion, , src/asterion_high_rom.asm:4348
KEY_COL_6                       = $FCAA ; addr, local, , asterion, , src/asterion_high_rom.asm:4363
KEY_COL_7                       = $FCCA ; addr, local, , asterion, , src/asterion_high_rom.asm:4378
KEY_COMPARE                     = $FBE0 ; addr, local, , asterion, , src/asterion_high_rom.asm:4269
KEY_INPUT_COL0                  = $37F6 ; const, local, , asterion, , src/asterion.inc:89
KEY_INPUT_COL6                  = $37FC ; const, local, , asterion, , src/asterion.inc:95
KEY_INPUT_COL7                  = $37FD ; const, local, , asterion, , src/asterion.inc:96
KEY_S                           = $C2A3 ; addr, local, , asterion, , src/asterion_gfx.asm:465
KEY_T                           = $C2A9 ; addr, local, , asterion, , src/asterion_gfx.asm:468
LAB_ram_1208                    = $1208 ; const, local, , asterion, , src/asterion.inc:219
LAB_ram_c880                    = $C8EB ; addr, local, , asterion, , src/asterion_func_low.asm:23
LAB_ram_c99e                    = $C9EF ; addr, local, , asterion, , src/asterion_func_low.asm:211
LAB_ram_c9ea                    = $CA3B ; addr, local, , asterion, , src/asterion_func_low.asm:251
LAB_ram_cb86                    = $CBDB ; addr, local, , asterion, , src/asterion_func_low.asm:519
LAB_ram_cbd9                    = $CC2F ; addr, local, , asterion, , src/asterion_func_low.asm:564
LAB_ram_cc85                    = $CCDC ; addr, local, , asterion, , src/asterion_func_low.asm:681
LAB_ram_ccba                    = $CD12 ; addr, local, , asterion, , src/asterion_func_low.asm:710
LAB_ram_cd3d                    = $CD95 ; addr, local, , asterion, , src/asterion_func_low.asm:797
LAB_ram_cd54                    = $CDAC ; addr, local, , asterion, , src/asterion_func_low.asm:809
LAB_ram_cd65                    = $CDBD ; addr, local, , asterion, , src/asterion_func_low.asm:820
LAB_ram_e029                    = $E029 ; addr, local, , asterion, , src/asterion_high_rom.asm:20
LAB_ram_e035                    = $E035 ; addr, local, , asterion, , src/asterion_high_rom.asm:30
LAB_ram_e103                    = $E103 ; addr, local, , asterion, , src/asterion_high_rom.asm:136
LAB_ram_e10c                    = $E10C ; addr, local, , asterion, , src/asterion_high_rom.asm:144
LAB_ram_e201                    = $E201 ; addr, local, , asterion, , src/asterion_high_rom.asm:314
LAB_ram_e244                    = $E244 ; addr, local, , asterion, , src/asterion_high_rom.asm:354
LAB_ram_e2d6                    = $E2D6 ; addr, local, , asterion, , src/asterion_high_rom.asm:451
LAB_ram_e3b6                    = $E3B6 ; addr, local, , asterion, , src/asterion_high_rom.asm:621
LAB_ram_e3cd                    = $E3CD ; addr, local, , asterion, , src/asterion_high_rom.asm:631
LAB_ram_e3d7                    = $E3D7 ; addr, local, , asterion, , src/asterion_high_rom.asm:636
LAB_ram_e422                    = $E422 ; addr, local, , asterion, , src/asterion_high_rom.asm:682
LAB_ram_e446                    = $E446 ; addr, local, , asterion, , src/asterion_high_rom.asm:716
LAB_ram_e448                    = $E448 ; addr, local, , asterion, , src/asterion_high_rom.asm:718
LAB_ram_e45a                    = $E45A ; addr, local, , asterion, , src/asterion_high_rom.asm:729
LAB_ram_e487                    = $E487 ; addr, local, , asterion, , src/asterion_high_rom.asm:748
LAB_ram_e4a9                    = $E4A9 ; addr, local, , asterion, , src/asterion_high_rom.asm:765
LAB_ram_e4bb                    = $E4BB ; addr, local, , asterion, , src/asterion_high_rom.asm:774
LAB_ram_e4c3                    = $E4C3 ; addr, local, , asterion, , src/asterion_high_rom.asm:778
LAB_ram_e4ec                    = $E4EC ; addr, local, , asterion, , src/asterion_high_rom.asm:798
LAB_ram_e50f                    = $E50F ; addr, local, , asterion, , src/asterion_high_rom.asm:819
LAB_ram_e525                    = $E525 ; addr, local, , asterion, , src/asterion_high_rom.asm:833
LAB_ram_e54f                    = $E54F ; addr, local, , asterion, , src/asterion_high_rom.asm:860
LAB_ram_e557                    = $E557 ; addr, local, , asterion, , src/asterion_high_rom.asm:864
LAB_ram_e5eb                    = $E5EB ; addr, local, , asterion, , src/asterion_high_rom.asm:968
LAB_ram_e600                    = $E600 ; addr, local, , asterion, , src/asterion_high_rom.asm:977
LAB_ram_e63f                    = $E63F ; addr, local, , asterion, , src/asterion_high_rom.asm:1006
LAB_ram_e656                    = $E656 ; addr, local, , asterion, , src/asterion_high_rom.asm:1017
LAB_ram_e658                    = $E658 ; addr, local, , asterion, , src/asterion_high_rom.asm:1020
LAB_ram_e677                    = $E677 ; addr, local, , asterion, , src/asterion_high_rom.asm:1039
LAB_ram_e68a                    = $E68A ; addr, local, , asterion, , src/asterion_high_rom.asm:1048
LAB_ram_e693                    = $E693 ; addr, local, , asterion, , src/asterion_high_rom.asm:1053
LAB_ram_e6aa                    = $E6AA ; addr, local, , asterion, , src/asterion_high_rom.asm:1066
LAB_ram_e6be                    = $E6BE ; addr, local, , asterion, , src/asterion_high_rom.asm:1075
LAB_ram_e6c4                    = $E6C4 ; addr, local, , asterion, , src/asterion_high_rom.asm:1078
LAB_ram_e72b                    = $E72B ; addr, local, , asterion, , src/asterion_high_rom.asm:1122
LAB_ram_e763                    = $E763 ; addr, local, , asterion, , src/asterion_high_rom.asm:1154
LAB_ram_e76a                    = $E76A ; addr, local, , asterion, , src/asterion_high_rom.asm:1159
LAB_ram_e771                    = $E771 ; addr, local, , asterion, , src/asterion_high_rom.asm:1164
LAB_ram_e778                    = $E778 ; addr, local, , asterion, , src/asterion_high_rom.asm:1169
LAB_ram_e77f                    = $E77F ; addr, local, , asterion, , src/asterion_high_rom.asm:1174
LAB_ram_e786                    = $E786 ; addr, local, , asterion, , src/asterion_high_rom.asm:1179
LAB_ram_e78b                    = $E78B ; addr, local, , asterion, , src/asterion_high_rom.asm:1184
LAB_ram_e79e                    = $E79E ; addr, local, , asterion, , src/asterion_high_rom.asm:1196
LAB_ram_e7aa                    = $E7AA ; addr, local, , asterion, , src/asterion_high_rom.asm:1201
LAB_ram_e7c0                    = $E7C0 ; addr, local, , asterion, , src/asterion_high_rom.asm:1210
LAB_ram_e812                    = $E812 ; addr, local, , asterion, , src/asterion_high_rom.asm:1265
LAB_ram_e844                    = $E844 ; addr, local, , asterion, , src/asterion_high_rom.asm:1288
LAB_ram_e872                    = $E872 ; addr, local, , asterion, , src/asterion_high_rom.asm:1316
LAB_ram_e91c                    = $E91C ; addr, local, , asterion, , src/asterion_high_rom.asm:1408
LAB_ram_e91f                    = $E91F ; addr, local, , asterion, , src/asterion_high_rom.asm:1411
LAB_ram_e926                    = $E926 ; addr, local, , asterion, , src/asterion_high_rom.asm:1417
LAB_ram_e935                    = $E935 ; addr, local, , asterion, , src/asterion_high_rom.asm:1430
LAB_ram_e962                    = $E962 ; addr, local, , asterion, , src/asterion_high_rom.asm:1462
LAB_ram_e972                    = $E972 ; addr, local, , asterion, , src/asterion_high_rom.asm:1470
LAB_ram_e97f                    = $E97F ; addr, local, , asterion, , src/asterion_high_rom.asm:1479
LAB_ram_e991                    = $E991 ; addr, local, , asterion, , src/asterion_high_rom.asm:1489
LAB_ram_e9a0                    = $E9A0 ; addr, local, , asterion, , src/asterion_high_rom.asm:1500
LAB_ram_e9b3                    = $E9B3 ; addr, local, , asterion, , src/asterion_high_rom.asm:1511
LAB_ram_e9c8                    = $E9C8 ; addr, local, , asterion, , src/asterion_high_rom.asm:1527
LAB_ram_e9cf                    = $E9CF ; addr, local, , asterion, , src/asterion_high_rom.asm:1532
LAB_ram_e9d6                    = $E9D6 ; addr, local, , asterion, , src/asterion_high_rom.asm:1537
LAB_ram_e9dd                    = $E9DD ; addr, local, , asterion, , src/asterion_high_rom.asm:1542
LAB_ram_e9ec                    = $E9EC ; addr, local, , asterion, , src/asterion_high_rom.asm:1551
LAB_ram_ea0c                    = $EA0C ; addr, local, , asterion, , src/asterion_high_rom.asm:1572
LAB_ram_eaf5                    = $EAF5 ; addr, local, , asterion, , src/asterion_high_rom.asm:1687
LAB_ram_eaf8                    = $EAF8 ; addr, local, , asterion, , src/asterion_high_rom.asm:1689
LAB_ram_eafa                    = $EAFA ; addr, local, , asterion, , src/asterion_high_rom.asm:1692
LAB_ram_eb27                    = $EB27 ; addr, local, , asterion, , src/asterion_high_rom.asm:1715
LAB_ram_eb40                    = $EB40 ; addr, local, , asterion, , src/asterion_high_rom.asm:1725
LAB_ram_eb53                    = $EB53 ; addr, local, , asterion, , src/asterion_high_rom.asm:1733
LAB_ram_eb6f                    = $EB6F ; addr, local, , asterion, , src/asterion_high_rom.asm:1747
LAB_ram_eb7b                    = $EB7B ; addr, local, , asterion, , src/asterion_high_rom.asm:1756
LAB_ram_eb96                    = $EB96 ; addr, local, , asterion, , src/asterion_high_rom.asm:1770
LAB_ram_eb9e                    = $EB9E ; addr, local, , asterion, , src/asterion_high_rom.asm:1774
LAB_ram_ebab                    = $EBAB ; addr, local, , asterion, , src/asterion_high_rom.asm:1782
LAB_ram_ebb0                    = $EBB0 ; addr, local, , asterion, , src/asterion_high_rom.asm:1785
LAB_ram_ebbd                    = $EBBD ; addr, local, , asterion, , src/asterion_high_rom.asm:1793
LAB_ram_ebc0                    = $EBC0 ; addr, local, , asterion, , src/asterion_high_rom.asm:1795
LAB_ram_ebc6                    = $EBC6 ; addr, local, , asterion, , src/asterion_high_rom.asm:1798
LAB_ram_ebcc                    = $EBCC ; addr, local, , asterion, , src/asterion_high_rom.asm:1801
LAB_ram_ebd6                    = $EBD6 ; addr, local, , asterion, , src/asterion_high_rom.asm:1807
LAB_ram_ebf7                    = $EBF7 ; addr, local, , asterion, , src/asterion_high_rom.asm:1826
LAB_ram_ec52                    = $EC52 ; addr, local, , asterion, , src/asterion_high_rom.asm:1879
LAB_ram_ecf6                    = $ECF6 ; addr, local, , asterion, , src/asterion_high_rom.asm:1980
LAB_ram_ed1b                    = $ED1B ; addr, local, , asterion, , src/asterion_high_rom.asm:2004
LAB_ram_ed4b                    = $ED4B ; addr, local, , asterion, , src/asterion_high_rom.asm:2034
LAB_ram_ed5c                    = $ED5C ; addr, local, , asterion, , src/asterion_high_rom.asm:2043
LAB_ram_ed91                    = $ED91 ; addr, local, , asterion, , src/asterion_high_rom.asm:2070
LAB_ram_edb1                    = $EDB1 ; addr, local, , asterion, , src/asterion_high_rom.asm:2089
LAB_ram_ee14                    = $EE14 ; addr, local, , asterion, , src/asterion_high_rom.asm:2143
LAB_ram_ee2e                    = $EE2E ; addr, local, , asterion, , src/asterion_high_rom.asm:2158
LAB_ram_ef08                    = $EF08 ; addr, local, , asterion, , src/asterion_high_rom.asm:2279
LAB_ram_ef12                    = $EF12 ; addr, local, , asterion, , src/asterion_high_rom.asm:2285
LAB_ram_f043                    = $F043 ; addr, local, , asterion, , src/asterion_high_rom.asm:2464
LAB_ram_f048                    = $F048 ; addr, local, , asterion, , src/asterion_high_rom.asm:2469
LAB_ram_f04c                    = $F04C ; addr, local, , asterion, , src/asterion_high_rom.asm:2472
LAB_ram_f050                    = $F050 ; addr, local, , asterion, , src/asterion_high_rom.asm:2475
LAB_ram_f054                    = $F054 ; addr, local, , asterion, , src/asterion_high_rom.asm:2478
LAB_ram_f071                    = $F071 ; addr, local, , asterion, , src/asterion_high_rom.asm:2494
LAB_ram_f07c                    = $F07C ; addr, local, , asterion, , src/asterion_high_rom.asm:2501
LAB_ram_f0e9                    = $F0E9 ; addr, local, , asterion, , src/asterion_high_rom.asm:2565
LAB_ram_f113                    = $F113 ; addr, local, , asterion, , src/asterion_high_rom.asm:2585
LAB_ram_f119                    = $F119 ; addr, local, , asterion, , src/asterion_high_rom.asm:2589
LAB_ram_f11e                    = $F11E ; addr, local, , asterion, , src/asterion_high_rom.asm:2592
LAB_ram_f157                    = $F157 ; addr, local, , asterion, , src/asterion_high_rom.asm:2623
LAB_ram_f17d                    = $F17D ; addr, local, , asterion, , src/asterion_high_rom.asm:2648
LAB_ram_f18e                    = $F18E ; addr, local, , asterion, , src/asterion_high_rom.asm:2657
LAB_ram_f19f                    = $F19F ; addr, local, , asterion, , src/asterion_high_rom.asm:2666
LAB_ram_f1af                    = $F1AF ; addr, local, , asterion, , src/asterion_high_rom.asm:2675
LAB_ram_f1bf                    = $F1BF ; addr, local, , asterion, , src/asterion_high_rom.asm:2684
LAB_ram_f1cf                    = $F1CF ; addr, local, , asterion, , src/asterion_high_rom.asm:2693
LAB_ram_f1e0                    = $F1E0 ; addr, local, , asterion, , src/asterion_high_rom.asm:2702
LAB_ram_f1f0                    = $F1F0 ; addr, local, , asterion, , src/asterion_high_rom.asm:2711
LAB_ram_f200                    = $F200 ; addr, local, , asterion, , src/asterion_high_rom.asm:2720
LAB_ram_f21e                    = $F21E ; addr, local, , asterion, , src/asterion_high_rom.asm:2736
LAB_ram_f224                    = $F224 ; addr, local, , asterion, , src/asterion_high_rom.asm:2740
LAB_ram_f228                    = $F228 ; addr, local, , asterion, , src/asterion_high_rom.asm:2743
LAB_ram_f22b                    = $F22B ; addr, local, , asterion, , src/asterion_high_rom.asm:2745
LAB_ram_f28a                    = $F28A ; addr, local, , asterion, , src/asterion_high_rom.asm:2792
LAB_ram_f28c                    = $F28C ; addr, local, , asterion, , src/asterion_high_rom.asm:2795
LAB_ram_f294                    = $F294 ; addr, local, , asterion, , src/asterion_high_rom.asm:2802
LAB_ram_f2d0                    = $F2D0 ; addr, local, , asterion, , src/asterion_high_rom.asm:2838
LAB_ram_f2dc                    = $F2DC ; addr, local, , asterion, , src/asterion_high_rom.asm:2844
LAB_ram_f2ec                    = $F2EC ; addr, local, , asterion, , src/asterion_high_rom.asm:2851
LAB_ram_f306                    = $F306 ; addr, local, , asterion, , src/asterion_high_rom.asm:2867
LAB_ram_f31f                    = $F31F ; addr, local, , asterion, , src/asterion_high_rom.asm:2888
LAB_ram_f32d                    = $F32D ; addr, local, , asterion, , src/asterion_high_rom.asm:2899
LAB_ram_f333                    = $F333 ; addr, local, , asterion, , src/asterion_high_rom.asm:2906
LAB_ram_f338                    = $F338 ; addr, local, , asterion, , src/asterion_high_rom.asm:2912
LAB_ram_f33f                    = $F33F ; addr, local, , asterion, , src/asterion_high_rom.asm:2920
LAB_ram_f345                    = $F345 ; addr, local, , asterion, , src/asterion_high_rom.asm:2925
LAB_ram_f352                    = $F352 ; addr, local, , asterion, , src/asterion_high_rom.asm:2935
LAB_ram_f359                    = $F359 ; addr, local, , asterion, , src/asterion_high_rom.asm:2940
LAB_ram_f367                    = $F367 ; addr, local, , asterion, , src/asterion_high_rom.asm:2951
LAB_ram_f377                    = $F377 ; addr, local, , asterion, , src/asterion_high_rom.asm:2962
LAB_ram_f385                    = $F385 ; addr, local, , asterion, , src/asterion_high_rom.asm:2970
LAB_ram_f398                    = $F398 ; addr, local, , asterion, , src/asterion_high_rom.asm:2986
LAB_ram_f39a                    = $F39A ; addr, local, , asterion, , src/asterion_high_rom.asm:2988
LAB_ram_f3d9                    = $F3D9 ; addr, local, , asterion, , src/asterion_high_rom.asm:3030
LAB_ram_f3db                    = $F3DB ; addr, local, , asterion, , src/asterion_high_rom.asm:3033
LAB_ram_f3fd                    = $F3FD ; addr, local, , asterion, , src/asterion_high_rom.asm:3055
LAB_ram_f417                    = $F417 ; addr, local, , asterion, , src/asterion_high_rom.asm:3072
LAB_ram_f437                    = $F437 ; addr, local, , asterion, , src/asterion_high_rom.asm:3092
LAB_ram_f449                    = $F449 ; addr, local, , asterion, , src/asterion_high_rom.asm:3102
LAB_ram_f452                    = $F452 ; addr, local, , asterion, , src/asterion_high_rom.asm:3108
LAB_ram_f465                    = $F465 ; addr, local, , asterion, , src/asterion_high_rom.asm:3118
LAB_ram_f46a                    = $F46A ; addr, local, , asterion, , src/asterion_high_rom.asm:3121
LAB_ram_f482                    = $F482 ; addr, local, , asterion, , src/asterion_high_rom.asm:3137
LAB_ram_f49d                    = $F49D ; addr, local, , asterion, , src/asterion_high_rom.asm:3154
LAB_ram_f4b7                    = $F4B7 ; addr, local, , asterion, , src/asterion_high_rom.asm:3173
LAB_ram_f4bc                    = $F4BC ; addr, local, , asterion, , src/asterion_high_rom.asm:3178
LAB_ram_f4dd                    = $F4DD ; addr, local, , asterion, , src/asterion_high_rom.asm:3205
LAB_ram_f4e4                    = $F4E4 ; addr, local, , asterion, , src/asterion_high_rom.asm:3212
LAB_ram_f7f0                    = $F7F0 ; addr, local, , asterion, , src/asterion_high_rom.asm:3690
LAB_ram_f7f7                    = $F7F7 ; addr, local, , asterion, , src/asterion_high_rom.asm:3696
LAB_ram_f85a                    = $F85A ; addr, local, , asterion, , src/asterion_high_rom.asm:3754
LAB_ram_f86d                    = $F86D ; addr, local, , asterion, , src/asterion_high_rom.asm:3766
LAB_ram_f875                    = $F875 ; addr, local, , asterion, , src/asterion_high_rom.asm:3771
LAB_ram_f87b                    = $F87B ; addr, local, , asterion, , src/asterion_high_rom.asm:3774
LAB_ram_f885                    = $F885 ; addr, local, , asterion, , src/asterion_high_rom.asm:3781
LAB_ram_f88b                    = $F88B ; addr, local, , asterion, , src/asterion_high_rom.asm:3784
LAB_ram_f892                    = $F892 ; addr, local, , asterion, , src/asterion_high_rom.asm:3788
LAB_ram_f89a                    = $F89A ; addr, local, , asterion, , src/asterion_high_rom.asm:3793
LAB_ram_f8a0                    = $F8A0 ; addr, local, , asterion, , src/asterion_high_rom.asm:3796
LAB_ram_f8aa                    = $F8AA ; addr, local, , asterion, , src/asterion_high_rom.asm:3803
LAB_ram_f8b0                    = $F8B0 ; addr, local, , asterion, , src/asterion_high_rom.asm:3806
LAB_ram_f8b7                    = $F8B7 ; addr, local, , asterion, , src/asterion_high_rom.asm:3810
LAB_ram_f8d5                    = $F8D5 ; addr, local, , asterion, , src/asterion_high_rom.asm:3826
LAB_ram_f8db                    = $F8DB ; addr, local, , asterion, , src/asterion_high_rom.asm:3829
LAB_ram_f8e9                    = $F8E9 ; addr, local, , asterion, , src/asterion_high_rom.asm:3836
LAB_ram_f8fc                    = $F8FC ; addr, local, , asterion, , src/asterion_high_rom.asm:3848
LAB_ram_f902                    = $F902 ; addr, local, , asterion, , src/asterion_high_rom.asm:3851
LAB_ram_f910                    = $F910 ; addr, local, , asterion, , src/asterion_high_rom.asm:3858
LAB_ram_f916                    = $F916 ; addr, local, , asterion, , src/asterion_high_rom.asm:3863
LAB_ram_f91c                    = $F91C ; addr, local, , asterion, , src/asterion_high_rom.asm:3866
LAB_ram_f923                    = $F923 ; addr, local, , asterion, , src/asterion_high_rom.asm:3870
LAB_ram_f938                    = $F938 ; addr, local, , asterion, , src/asterion_high_rom.asm:3882
LAB_ram_f93e                    = $F93E ; addr, local, , asterion, , src/asterion_high_rom.asm:3885
LAB_ram_f94c                    = $F94C ; addr, local, , asterion, , src/asterion_high_rom.asm:3892
LAB_ram_f95f                    = $F95F ; addr, local, , asterion, , src/asterion_high_rom.asm:3904
LAB_ram_f965                    = $F965 ; addr, local, , asterion, , src/asterion_high_rom.asm:3907
LAB_ram_f973                    = $F973 ; addr, local, , asterion, , src/asterion_high_rom.asm:3914
LAB_ram_f979                    = $F979 ; addr, local, , asterion, , src/asterion_high_rom.asm:3919
LAB_ram_f97f                    = $F97F ; addr, local, , asterion, , src/asterion_high_rom.asm:3922
LAB_ram_f986                    = $F986 ; addr, local, , asterion, , src/asterion_high_rom.asm:3926
LAB_ram_f9a4                    = $F9A4 ; addr, local, , asterion, , src/asterion_high_rom.asm:3942
LAB_ram_f9aa                    = $F9AA ; addr, local, , asterion, , src/asterion_high_rom.asm:3945
LAB_ram_f9b8                    = $F9B8 ; addr, local, , asterion, , src/asterion_high_rom.asm:3952
LAB_ram_f9be                    = $F9BE ; addr, local, , asterion, , src/asterion_high_rom.asm:3957
LAB_ram_f9c4                    = $F9C4 ; addr, local, , asterion, , src/asterion_high_rom.asm:3960
LAB_ram_f9de                    = $F9DE ; addr, local, , asterion, , src/asterion_high_rom.asm:3975
LAB_ram_f9f0                    = $F9F0 ; addr, local, , asterion, , src/asterion_high_rom.asm:3983
LAB_ram_fa01                    = $FA01 ; addr, local, , asterion, , src/asterion_high_rom.asm:3991
LAB_ram_fa06                    = $FA06 ; addr, local, , asterion, , src/asterion_high_rom.asm:3995
LAB_ram_fa0f                    = $FA0F ; addr, local, , asterion, , src/asterion_high_rom.asm:3999
LAB_ram_fa19                    = $FA19 ; addr, local, , asterion, , src/asterion_high_rom.asm:4004
LAB_ram_fa2e                    = $FA2E ; addr, local, , asterion, , src/asterion_high_rom.asm:4016
LAB_ram_fa34                    = $FA34 ; addr, local, , asterion, , src/asterion_high_rom.asm:4019
LAB_ram_fa42                    = $FA42 ; addr, local, , asterion, , src/asterion_high_rom.asm:4026
LAB_ram_fa48                    = $FA48 ; addr, local, , asterion, , src/asterion_high_rom.asm:4031
LAB_ram_fa57                    = $FA57 ; addr, local, , asterion, , src/asterion_high_rom.asm:4038
LAB_ram_fa71                    = $FA71 ; addr, local, , asterion, , src/asterion_high_rom.asm:4053
LAB_ram_fa7a                    = $FA7A ; addr, local, , asterion, , src/asterion_high_rom.asm:4057
LAB_ram_fa8b                    = $FA8B ; addr, local, , asterion, , src/asterion_high_rom.asm:4065
LAB_ram_fa90                    = $FA90 ; addr, local, , asterion, , src/asterion_high_rom.asm:4069
LAB_ram_fa99                    = $FA99 ; addr, local, , asterion, , src/asterion_high_rom.asm:4073
LAB_ram_faa3                    = $FAA3 ; addr, local, , asterion, , src/asterion_high_rom.asm:4078
LADDER                          = $C1C8 ; addr, local, , asterion, , src/asterion_gfx.asm:346
LADDER_S                        = $C1E1 ; addr, local, , asterion, , src/asterion_gfx.asm:352
LADDER_T                        = $C1F1 ; addr, local, , asterion, , src/asterion_gfx.asm:357
LAST_ITEM_HELD                  = $3A78 ; const, local, , asterion, , src/asterion.inc:134
LEFT_HAND_ITEM                  = $3A7B ; const, local, , asterion, , src/asterion.inc:137
LEVEL_99_LOOP                   = $C849 ; addr, local, , asterion, , src/asterion_gfx.asm:945
LEVEL_TO_COLRAM_FIX             = $FDD8 ; addr, local, , asterion, , src/asterion_high_rom.asm:4582
LOCKED_CHEST                    = $C272 ; addr, local, , asterion, , src/asterion_gfx.asm:438
LO_HI_PITCH_SOUND               = $CE5A ; addr, local, , asterion, , src/asterion_func_low.asm:890
MACE                            = $C13D ; addr, local, , asterion, , src/asterion_gfx.asm:258
MACE_S                          = $C158 ; addr, local, , asterion, , src/asterion_gfx.asm:264
MACE_T                          = $C16A ; addr, local, , asterion, , src/asterion_gfx.asm:269
MAGE_POTION                     = $C31B ; addr, local, , asterion, , src/asterion_gfx.asm:551
MAGE_POTION_S                   = $C330 ; addr, local, , asterion, , src/asterion_gfx.asm:557
MAKE_RANDOM_BYTE                = $FAAC ; addr, local, , asterion, , src/asterion_high_rom.asm:4082
MALOCCHIO                       = $C4C9 ; addr, local, , asterion, , src/asterion_gfx.asm:737
MALOCCHIO_S                     = $C4FF ; addr, local, , asterion, , src/asterion_gfx.asm:745
MAP                             = $C33B ; addr, local, , asterion, , src/asterion_gfx.asm:573
MAPSPACE_WALLS                  = $3800 ; const, local, , asterion, , src/asterion.inc:100
MAP_DONE                        = $F4D1 ; addr, local, , asterion, , src/asterion_high_rom.asm:3195
MAP_INV_SLOT                    = $3AAD ; const, local, , asterion, , src/asterion.inc:170
MAP_ITEM_MONSTER                = $E315 ; addr, local, , asterion, , src/asterion_high_rom.asm:494
MAP_LADDER_OFFSET               = $3900 ; const, local, , asterion, , src/asterion.inc:101
MAP_S                           = $C35A ; addr, local, , asterion, , src/asterion_gfx.asm:579
MAP_T                           = $C368 ; addr, local, , asterion, , src/asterion_gfx.asm:584
MAX_HEALTH_ARROWS_FOOD          = $FCEE ; addr, local, , asterion, , src/asterion_high_rom.asm:4395
MELEE_ANIM_LOOP                 = $E5CF ; addr, local, , asterion, , src/asterion_high_rom.asm:955
MELEE_ANIM_STATE                = $3A8B ; const, local, , asterion, , src/asterion.inc:148
MIMIC                           = $C484 ; addr, local, , asterion, , src/asterion_gfx.asm:715
MIMIC_S                         = $C4B7 ; addr, local, , asterion, , src/asterion_gfx.asm:722
MINOTAUR                        = $C70F ; addr, local, , asterion, , src/asterion_gfx.asm:869
MINOTAUR_DEAD                   = $FAF4 ; addr, local, , asterion, , src/asterion_high_rom.asm:4131
MINOTAUR_DEAD_SOUND_LOOP        = $FB36 ; addr, local, , asterion, , src/asterion_high_rom.asm:4166
MINOTAUR_S                      = $C756 ; addr, local, , asterion, , src/asterion_gfx.asm:878
MONSTER_ATT_POS_COUNT           = $3A8D ; const, local, , asterion, , src/asterion.inc:150
MONSTER_ATT_POS_OFFSET          = $3A8F ; const, local, , asterion, , src/asterion.inc:151
MONSTER_KILLED                  = $D0FD ; addr, local, , asterion, , src/asterion_func_low.asm:1234
MONSTER_TAKES_SPRT_DAMAGE       = $E540 ; addr, local, , asterion, , src/asterion_high_rom.asm:852
MON_FS                          = $3A63 ; const, local, , asterion, , src/asterion.inc:115
MUMMY                           = $C5A7 ; addr, local, , asterion, , src/asterion_gfx.asm:790
MUMMY_S                         = $C60A ; addr, local, , asterion, , src/asterion_gfx.asm:800
NECROMANCER                     = $C623 ; addr, local, , asterion, , src/asterion_gfx.asm:817
NECROMANCER_S                   = $C67E ; addr, local, , asterion, , src/asterion_gfx.asm:826
NEW_DAMAGE                      = $3AA6 ; const, local, , asterion, , src/asterion.inc:165
NEW_RIGHT_HAND_ITEM             = $E742 ; addr, local, , asterion, , src/asterion_high_rom.asm:1137
NEXT_BLINK_CHECK                = $3ABA ; const, local, , asterion, , src/asterion.inc:175
NORTH_OPEN_CLOSE_DOOR           = $ED31 ; addr, local, , asterion, , src/asterion_high_rom.asm:2018
NORTH_TXT                       = $F643 ; addr, local, , asterion, , src/asterion_high_rom.asm:3429
NOT_ARMOR                       = $E7F4 ; addr, local, , asterion, , src/asterion_high_rom.asm:1240
NOT_HELMET                      = $E7F8 ; addr, local, , asterion, , src/asterion_high_rom.asm:1244
NOT_IN_BATTLE                   = $D082 ; addr, local, , asterion, , src/asterion_func_low.asm:1162
NO_ACTION_TAKEN                 = $E230 ; addr, local, , asterion, , src/asterion_high_rom.asm:341
NO_GFX                          = $C000 ; addr, local, , asterion, , src/asterion_gfx.asm:24
OPEN_N_CHECK                    = $ED40 ; addr, local, , asterion, , src/asterion_high_rom.asm:2027
PAVICE                          = $C07D ; addr, local, , asterion, , src/asterion_gfx.asm:131
PAVICE_S                        = $C095 ; addr, local, , asterion, , src/asterion_gfx.asm:137
PAVICE_T                        = $C0A3 ; addr, local, , asterion, , src/asterion_gfx.asm:142
PICK_RANDOM_ITEM                = $ECFF ; addr, local, , asterion, , src/asterion_high_rom.asm:1988
PICK_UP_ARROWS                  = $E885 ; addr, local, , asterion, , src/asterion_high_rom.asm:1329
PICK_UP_F0_ITEM                 = $E941 ; addr, local, , asterion, , src/asterion_high_rom.asm:1438
PICK_UP_FOOD                    = $E865 ; addr, local, , asterion, , src/asterion_high_rom.asm:1306
PICK_UP_NON_TREASURE            = $E8D9 ; addr, local, , asterion, , src/asterion_high_rom.asm:1374
PITCH_UP_BOOL                   = $3AB5 ; const, local, , asterion, , src/asterion.inc:172
PLAYER_DIES                     = $EFA9 ; addr, local, , asterion, , src/asterion_high_rom.asm:2380
PLAYER_MAP_POS                  = $3A79 ; const, local, , asterion, , src/asterion.inc:135
PLAYER_PHYS_HEALTH              = $3A93 ; const, local, , asterion, , src/asterion.inc:153
PLAYER_PHYS_HEALTH_MAX          = $3A95 ; const, local, , asterion, , src/asterion.inc:154
PLAYER_PREV_MAP_LOC             = $3A77 ; const, local, , asterion, , src/asterion.inc:133
PLAYER_SPRT_HEALTH              = $3A97 ; const, local, , asterion, , src/asterion.inc:155
PLAYER_SPRT_HEALTH_MAX          = $3A98 ; const, local, , asterion, , src/asterion.inc:156
PLAY_DESCENDING_SOUND           = $EC36 ; addr, local, , asterion, , src/asterion_high_rom.asm:1866
PLAY_INV_COUNT_BLIPS            = $E21A ; addr, local, , asterion, , src/asterion_high_rom.asm:328
PLAY_PITCH_CHANGE               = $CEDD ; addr, local, , asterion, , src/asterion_func_low.asm:951
PLAY_PITCH_CHANGE_LOOP          = $CEE0 ; addr, local, , asterion, , src/asterion_func_low.asm:953
PLAY_POOF_ANIM                  = $D0B5 ; addr, local, , asterion, , src/asterion_func_low.asm:1194
PLAY_POWER_UP_SOUND             = $FE15 ; addr, local, , asterion, , src/asterion_high_rom.asm:4609
PLAY_SOUND_LOOP                 = $E23C ; addr, local, , asterion, , src/asterion_high_rom.asm:346
PLAY_TELEPORT_SOUND             = $FDF0 ; addr, local, , asterion, , src/asterion_high_rom.asm:4595
PLAY_USE_PHYS_POTION_SOUND      = $EE9D ; addr, local, , asterion, , src/asterion_high_rom.asm:2222
POOF_1                          = $C7A6 ; addr, local, , asterion, , src/asterion_gfx.asm:910
POOF_2                          = $C7AC ; addr, local, , asterion, , src/asterion_gfx.asm:913
POOF_3                          = $C7B2 ; addr, local, , asterion, , src/asterion_gfx.asm:916
POOF_4                          = $C7C6 ; addr, local, , asterion, , src/asterion_gfx.asm:921
POOF_5                          = $C7CF ; addr, local, , asterion, , src/asterion_gfx.asm:924
POOF_6                          = $C7E3 ; addr, local, , asterion, , src/asterion_gfx.asm:929
POOF_SOUND                      = $CDCA ; addr, local, , asterion, , src/asterion_func_low.asm:827
POTION_T                        = $C315 ; addr, local, , asterion, , src/asterion_gfx.asm:538
PROCESS_LARGE_POTION            = $EEE7 ; addr, local, , asterion, , src/asterion_high_rom.asm:2260
PROCESS_MAP                     = $E8BA ; addr, local, , asterion, , src/asterion_high_rom.asm:1360
PROCESS_POTION_UPDATES          = $EE90 ; addr, local, , asterion, , src/asterion_high_rom.asm:2216
PROCESS_RHA                     = $E7E9 ; addr, local, , asterion, , src/asterion_high_rom.asm:1232
QUIVER                          = $C24D ; addr, local, , asterion, , src/asterion_gfx.asm:415
QUIVER_S                        = $C264 ; addr, local, , asterion, , src/asterion_gfx.asm:420
QUIVER_T                        = $C26F ; addr, local, , asterion, , src/asterion_gfx.asm:424
RAM_AC                          = $3A64 ; const, local, , asterion, , src/asterion.inc:116
RAM_AD                          = $3A65 ; const, local, , asterion, , src/asterion.inc:117
RAM_AE                          = $3A66 ; const, local, , asterion, , src/asterion.inc:118
RAM_AF                          = $3A67 ; const, local, , asterion, , src/asterion.inc:119
RANDOM_BYTE_LOOP                = $FAB3 ; addr, local, , asterion, , src/asterion_high_rom.asm:4087
READ_HC                         = $E300 ; addr, local, , asterion, , src/asterion_high_rom.asm:481
READ_KEY                        = $E2F1 ; addr, local, , asterion, , src/asterion_high_rom.asm:471
RECALC_AND_REDRAW_BCD           = $F2FD ; addr, local, , asterion, , src/asterion_high_rom.asm:2860
RECALC_PHYS_HEALTH              = $E430 ; addr, local, , asterion, , src/asterion_high_rom.asm:697
RECALC_SCREEN_SAVER_COLORS      = $EABD ; addr, local, , asterion, , src/asterion_high_rom.asm:1653
RECOLOR_ITEM                    = $E91A ; addr, local, , asterion, , src/asterion_high_rom.asm:1406
REDRAW_MONSTER_HEALTH           = $F269 ; addr, local, , asterion, , src/asterion_high_rom.asm:2774
REDRAW_NORTH                    = $F5A7 ; addr, local, , asterion, , src/asterion_high_rom.asm:3331
REDRAW_START                    = $F4E6 ; addr, local, , asterion, , src/asterion_high_rom.asm:3215
REDRAW_STATS                    = $FD5D ; addr, local, , asterion, , src/asterion_high_rom.asm:4489
REDRAW_STATS_OLD                = $EEC9 ; addr, local, , asterion, , src/asterion_high_rom.asm:2245
REDRAW_VIEW                     = $F5A0 ; addr, local, , asterion, , src/asterion_high_rom.asm:3324
REDRAW_VIEWPORT                 = $F804 ; addr, local, , asterion, , src/asterion_high_rom.asm:3708
REDUCE_HEALTH_BIG               = $EF73 ; addr, local, , asterion, , src/asterion_high_rom.asm:2344
REDUCE_HEALTH_SMALL             = $EF8E ; addr, local, , asterion, , src/asterion_high_rom.asm:2362
REDUCE_ITEM_BY_30               = $E571 ; addr, local, , asterion, , src/asterion_high_rom.asm:878
RESET_SHIFT_MODE                = $D131 ; addr, local, , asterion, , src/asterion_func_low.asm:1262
RHA_REDRAW                      = $FDE4 ; addr, local, , asterion, , src/asterion_high_rom.asm:4590
RIGHT_HAND_ITEM                 = $3A7A ; const, local, , asterion, , src/asterion.inc:136
RING                            = $C01C ; addr, local, , asterion, , src/asterion_gfx.asm:67
RING_INV_SLOT                   = $3A76 ; const, local, , asterion, , src/asterion.inc:132
RING_S                          = $C026 ; addr, local, , asterion, , src/asterion_gfx.asm:70
RING_T                          = $C02C ; addr, local, , asterion, , src/asterion_gfx.asm:73
RNDHOLD_AA                      = $3A91 ; const, local, , asterion, , src/asterion.inc:152
SCRAMBLECODE                    = $E000 ; addr, local, , asterion, , src/scramblecode.asm:2
SCREEN_SAVER_FULL_SCREEN        = $EAB7 ; addr, local, , asterion, , src/asterion_high_rom.asm:1649
SCREEN_SAVER_REDRAW_LOOP        = $EABA ; addr, local, , asterion, , src/asterion_high_rom.asm:1651
SCROLL                          = $C0D4 ; addr, local, , asterion, , src/asterion_gfx.asm:190
SCROLL_S                        = $C0EF ; addr, local, , asterion, , src/asterion_gfx.asm:196
SCROLL_STAFF_NO_BREAK           = $F0CF ; addr, local, , asterion, , src/asterion_high_rom.asm:2551
SCROLL_T                        = $C0F9 ; addr, local, , asterion, , src/asterion_gfx.asm:200
SELECT_DIFFICULTY_LOOP          = $EC5D ; addr, local, , asterion, , src/asterion_high_rom.asm:1884
SETUP_CLOSE_DOOR_SOUND          = $CE68 ; addr, local, , asterion, , src/asterion_func_low.asm:897
SETUP_MAP_COPY                  = $F4C1 ; addr, local, , asterion, , src/asterion_high_rom.asm:3183
SETUP_OPEN_DOOR_SOUND           = $CE54 ; addr, local, , asterion, , src/asterion_func_low.asm:887
SET_DIFFICULTY_1                = $EC9B ; addr, local, , asterion, , src/asterion_high_rom.asm:1917
SET_DIFFICULTY_2                = $EC9F ; addr, local, , asterion, , src/asterion_high_rom.asm:1920
SET_DIFFICULTY_3                = $ECA3 ; addr, local, , asterion, , src/asterion_high_rom.asm:1923
SET_DIFFICULTY_4                = $EC8B ; addr, local, , asterion, , src/asterion_high_rom.asm:1909
SET_F0_DOOR_OPEN                = $ED63 ; addr, local, , asterion, , src/asterion_high_rom.asm:2047
SET_MINIMAP_NO_WALLS            = $E2CE ; addr, local, , asterion, , src/asterion_high_rom.asm:445
SET_MINIMAP_NW_WALLS            = $E2D2 ; addr, local, , asterion, , src/asterion_high_rom.asm:448
SET_MINIMAP_N_WALL              = $E2CA ; addr, local, , asterion, , src/asterion_high_rom.asm:442
SET_MINIMAP_PLAYER_LOC          = $E2E6 ; addr, local, , asterion, , src/asterion_high_rom.asm:464
SET_MINIMAP_W_WALL              = $E2DB ; addr, local, , asterion, , src/asterion_high_rom.asm:455
SET_N_DOOR_MASK                 = $ED3E ; addr, local, , asterion, , src/asterion_high_rom.asm:2025
SET_SHIFT_MODE                  = $D124 ; addr, local, , asterion, , src/asterion_func_low.asm:1256
SET_W_DOOR_MASK                 = $ED5A ; addr, local, , asterion, , src/asterion_high_rom.asm:2041
SHIELD_PHYS                     = $3A71 ; const, local, , asterion, , src/asterion.inc:128
SHIELD_SPRT                     = $3A73 ; const, local, , asterion, , src/asterion.inc:129
SHIFT_EAST_OPEN_CLOSE_DOOR      = $ED4A ; addr, local, , asterion, , src/asterion_high_rom.asm:2032
SHOW_AUTHOR                     = $D141 ; addr, local, , asterion, , src/asterion_func_low.asm:1269
SKELETON                        = $C38D ; addr, local, , asterion, , src/asterion_gfx.asm:637
SKELETON_S                      = $C3CB ; addr, local, , asterion, , src/asterion_gfx.asm:647
SLEEP                           = $1D4B ; const, local, , asterion, , src/aquarius.inc:3
SLEEP_ZERO                      = $1D48 ; const, local, , asterion, , src/aquarius.inc:2
SNAKE                           = $C3E1 ; addr, local, , asterion, , src/asterion_gfx.asm:664
SNAKE_S                         = $C422 ; addr, local, , asterion, , src/asterion_gfx.asm:673
SND_CYCLE_HOLDER                = $3AB3 ; const, local, , asterion, , src/asterion.inc:171
SOUND_01                        = $CE79 ; addr, local, , asterion, , src/asterion_func_low.asm:906
SOUND_02                        = $CE8D ; addr, local, , asterion, , src/asterion_func_low.asm:915
SOUND_03                        = $CEA1 ; addr, local, , asterion, , src/asterion_func_low.asm:924
SOUND_04                        = $CEB5 ; addr, local, , asterion, , src/asterion_func_low.asm:933
SOUND_05                        = $CEC9 ; addr, local, , asterion, , src/asterion_func_low.asm:942
SOUND_REPEAT_COUNT              = $3AB8 ; const, local, , asterion, , src/asterion.inc:173
SOUTH_TXT                       = $F6F9 ; addr, local, , asterion, , src/asterion_high_rom.asm:3542
SPEAKER                         = $00FC ; const, local, , asterion, , src/aquarius.inc:17
SPIDER                          = $C43A ; addr, local, , asterion, , src/asterion_gfx.asm:690
SPIDER_S                        = $C46B ; addr, local, , asterion, , src/asterion_gfx.asm:698
STAFF                           = $C16D ; addr, local, , asterion, , src/asterion_gfx.asm:282
STAFF_S                         = $C180 ; addr, local, , asterion, , src/asterion_gfx.asm:288
STAFF_T                         = $C189 ; addr, local, , asterion, , src/asterion_gfx.asm:292
START_DOOR_CLOSE_ANIM           = $EDC8 ; addr, local, , asterion, , src/asterion_high_rom.asm:2103
STATS_TXT                       = $C76C ; addr, local, , asterion, , src/asterion_gfx.asm:891
STILL_ON_TITLE                  = $D16D ; addr, local, , asterion, , src/asterion_func_low.asm:1296
SUB_ram_c869                    = $C8D4 ; addr, local, , asterion, , src/asterion_func_low.asm:1
SUB_ram_c86c                    = $C8D7 ; addr, local, , asterion, , src/asterion_func_low.asm:4
SUB_ram_c871                    = $C8DC ; addr, local, , asterion, , src/asterion_func_low.asm:9
SUB_ram_c87e                    = $C8E9 ; addr, local, , asterion, , src/asterion_func_low.asm:20
SUB_ram_c886                    = $C8F1 ; addr, local, , asterion, , src/asterion_func_low.asm:30
SUB_ram_c893                    = $C8FE ; addr, local, , asterion, , src/asterion_func_low.asm:44
SUB_ram_c8a0                    = $C90B ; addr, local, , asterion, , src/asterion_func_low.asm:58
SUB_ram_c8ad                    = $C918 ; addr, local, , asterion, , src/asterion_func_low.asm:72
SUB_ram_c996                    = $C9E7 ; addr, local, , asterion, , src/asterion_func_low.asm:204
SUB_ram_c9c5                    = $CA16 ; addr, local, , asterion, , src/asterion_func_low.asm:232
SUB_ram_c9d0                    = $CA21 ; addr, local, , asterion, , src/asterion_func_low.asm:237
SUB_ram_c9e5                    = $CA36 ; addr, local, , asterion, , src/asterion_func_low.asm:248
SUB_ram_c9f3                    = $CA44 ; addr, local, , asterion, , src/asterion_func_low.asm:255
SUB_ram_c9f9                    = $CA4B ; addr, local, , asterion, , src/asterion_func_low.asm:259
SUB_ram_cab0                    = $CB03 ; addr, local, , asterion, , src/asterion_func_low.asm:380
SUB_ram_cac5                    = $CB18 ; addr, local, , asterion, , src/asterion_func_low.asm:391
SUB_ram_cb1c                    = $CB70 ; addr, local, , asterion, , src/asterion_func_low.asm:445
SUB_ram_cb4f                    = $CBA3 ; addr, local, , asterion, , src/asterion_func_low.asm:480
SUB_ram_cb7e                    = $CBD3 ; addr, local, , asterion, , src/asterion_func_low.asm:512
SUB_ram_cbae                    = $CC03 ; addr, local, , asterion, , src/asterion_func_low.asm:541
SUB_ram_cbb9                    = $CC0E ; addr, local, , asterion, , src/asterion_func_low.asm:546
SUB_ram_cbce                    = $CC23 ; addr, local, , asterion, , src/asterion_func_low.asm:557
SUB_ram_cbd4                    = $CC2A ; addr, local, , asterion, , src/asterion_func_low.asm:561
SUB_ram_cbe2                    = $CC38 ; addr, local, , asterion, , src/asterion_func_low.asm:568
SUB_ram_cc4d                    = $CCA3 ; addr, local, , asterion, , src/asterion_func_low.asm:643
SUB_ram_cc6d                    = $CCC3 ; addr, local, , asterion, , src/asterion_func_low.asm:662
SUB_ram_cc7a                    = $CCD1 ; addr, local, , asterion, , src/asterion_func_low.asm:672
SUB_ram_cc9a                    = $CCF1 ; addr, local, , asterion, , src/asterion_func_low.asm:692
SUB_ram_ccaf                    = $CD06 ; addr, local, , asterion, , src/asterion_func_low.asm:703
SUB_ram_ccb5                    = $CD0D ; addr, local, , asterion, , src/asterion_func_low.asm:707
SUB_ram_ccc3                    = $CD1B ; addr, local, , asterion, , src/asterion_func_low.asm:714
SUB_ram_cd07                    = $CD5F ; addr, local, , asterion, , src/asterion_func_low.asm:761
SUB_ram_cd21                    = $CD79 ; addr, local, , asterion, , src/asterion_func_low.asm:782
SUB_ram_cd2c                    = $CD84 ; addr, local, , asterion, , src/asterion_func_low.asm:789
SUB_ram_cd5f                    = $CDB7 ; addr, local, , asterion, , src/asterion_func_low.asm:816
SUB_ram_cdbf                    = $CE18 ; addr, local, , asterion, , src/asterion_func_low.asm:860
SUB_ram_cdd3                    = $CE2C ; addr, local, , asterion, , src/asterion_func_low.asm:869
SUB_ram_cde7                    = $CE40 ; addr, local, , asterion, , src/asterion_func_low.asm:878
SUB_ram_e39a                    = $E39A ; addr, local, , asterion, , src/asterion_high_rom.asm:608
SUB_ram_e401                    = $E401 ; addr, local, , asterion, , src/asterion_high_rom.asm:656
SUB_ram_e41d                    = $E41D ; addr, local, , asterion, , src/asterion_high_rom.asm:679
SUB_ram_e427                    = $E427 ; addr, local, , asterion, , src/asterion_high_rom.asm:687
SUB_ram_e439                    = $E439 ; addr, local, , asterion, , src/asterion_high_rom.asm:707
SUB_ram_e450                    = $E450 ; addr, local, , asterion, , src/asterion_high_rom.asm:725
SUB_ram_e5ba                    = $E5BA ; addr, local, , asterion, , src/asterion_high_rom.asm:934
SUB_ram_e635                    = $E635 ; addr, local, , asterion, , src/asterion_high_rom.asm:1002
SUB_ram_e720                    = $E720 ; addr, local, , asterion, , src/asterion_high_rom.asm:1114
SUB_ram_e97d                    = $E97D ; addr, local, , asterion, , src/asterion_high_rom.asm:1477
SUB_ram_e99e                    = $E99E ; addr, local, , asterion, , src/asterion_high_rom.asm:1498
SUB_ram_e9c1                    = $E9C1 ; addr, local, , asterion, , src/asterion_high_rom.asm:1521
SUB_ram_e9e1                    = $E9E1 ; addr, local, , asterion, , src/asterion_high_rom.asm:1545
SUB_ram_ea62                    = $EA62 ; addr, local, , asterion, , src/asterion_high_rom.asm:1605
SUB_ram_edaf                    = $EDAF ; addr, local, , asterion, , src/asterion_high_rom.asm:2087
SUB_ram_ee0b                    = $EE0B ; addr, local, , asterion, , src/asterion_high_rom.asm:2138
SUB_ram_ee23                    = $EE23 ; addr, local, , asterion, , src/asterion_high_rom.asm:2152
SUB_ram_eea9                    = $EEA9 ; addr, local, , asterion, , src/asterion_high_rom.asm:2228
SUB_ram_f0ef                    = $F0EF ; addr, local, , asterion, , src/asterion_high_rom.asm:2568
SUB_ram_f0f2                    = $F0F2 ; addr, local, , asterion, , src/asterion_high_rom.asm:2570
SUB_ram_f130                    = $F130 ; addr, local, , asterion, , src/asterion_high_rom.asm:2602
SUB_ram_f27f                    = $F27F ; addr, local, , asterion, , src/asterion_high_rom.asm:2783
SUB_ram_f298                    = $F298 ; addr, local, , asterion, , src/asterion_high_rom.asm:2807
SUB_ram_f2c4                    = $F2C4 ; addr, local, , asterion, , src/asterion_high_rom.asm:2831
SUB_ram_f4d4                    = $F4D4 ; addr, local, , asterion, , src/asterion_high_rom.asm:3198
SUB_ram_f9e7                    = $F9E7 ; addr, local, , asterion, , src/asterion_high_rom.asm:3979
SUB_ram_fa4e                    = $FA4E ; addr, local, , asterion, , src/asterion_high_rom.asm:4034
TEMP_MAP                        = $3B00 ; const, local, , asterion, , src/asterion.inc:176
THE_END_PART_A                  = $C8A4 ; addr, local, , asterion, , src/asterion_gfx.asm:954
THE_END_PART_B                  = $C8BD ; addr, local, , asterion, , src/asterion_gfx.asm:956
TIMER_A                         = $3A69 ; const, local, , asterion, , src/asterion.inc:121
TIMER_B                         = $3A6A ; const, local, , asterion, , src/asterion.inc:122
TIMER_C                         = $3A6B ; const, local, , asterion, , src/asterion.inc:123
TIMER_D                         = $3A88 ; const, local, , asterion, , src/asterion.inc:124
TIMER_E                         = $3A9C ; const, local, , asterion, , src/asterion.inc:125
TIMER_UPDATE                    = $D151 ; addr, local, , asterion, , src/asterion_func_low.asm:1276
TIMER_UPDATED_CHECK_INPUT       = $EB06 ; addr, local, , asterion, , src/asterion_high_rom.asm:1701
TITLE_CHK_FOR_HC_INPUT          = $EC31 ; addr, local, , asterion, , src/asterion_high_rom.asm:1861
TITLE_SCREEN                    = $D800 ; addr, local, , asterion, , src/asterion.asm:10
TITLE_SCREEN_COL                = $DC00 ; addr, local, , asterion, , src/asterion.asm:14
TOGGLE_ITEM_POOF_AND_WAIT       = $D0F4 ; addr, local, , asterion, , src/asterion_func_low.asm:1228
TOGGLE_SHIFT_MODE               = $D11C ; addr, local, , asterion, , src/asterion_func_low.asm:1252
TOTAL_HEAL                      = $EEBC ; addr, local, , asterion, , src/asterion_high_rom.asm:2239
TS_EYES_OPEN_CHR                = $DAD6 ; addr, local, , asterion, , src/asterion.asm:13
TS_EYES_OPTN_COL                = $DED6 ; addr, local, , asterion, , src/asterion.asm:15
UPDATE_COLRAM_FROM_OFFSET       = $E327 ; addr, local, , asterion, , src/asterion_high_rom.asm:510
UPDATE_FO_ITEM                  = $C9A2 ; addr, local, , asterion, , src/asterion_func_low.asm:161
UPDATE_HEALTH_VALUES            = $EF45 ; addr, local, , asterion, , src/asterion_high_rom.asm:2317
UPDATE_ITEM_CELLS               = $D09F ; addr, local, , asterion, , src/asterion_func_low.asm:1182
UPDATE_MELEE_OBJECTS            = $E960 ; addr, local, , asterion, , src/asterion_high_rom.asm:1460
UPDATE_MONSTER_CELLS            = $E29A ; addr, local, , asterion, , src/asterion_high_rom.asm:407
UPDATE_SCR_SAVER_TIMER          = $FACA ; addr, local, , asterion, , src/asterion_high_rom.asm:4104
UPDATE_VIEWPORT                 = $EA96 ; addr, local, , asterion, , src/asterion_high_rom.asm:1629
USE_BOW_XBOW                    = $F0A4 ; addr, local, , asterion, , src/asterion_high_rom.asm:2527
USE_MAP                         = $E24D ; addr, local, , asterion, , src/asterion_high_rom.asm:360
USE_SCROLL_STAFF                = $F0C3 ; addr, local, , asterion, , src/asterion_high_rom.asm:2544
USE_SOMETHING_ELSE              = $F082 ; addr, local, , asterion, , src/asterion_high_rom.asm:2505
VSYNC                           = $00FD ; const, local, , asterion, , src/aquarius.inc:18
WAIT_A_TICK                     = $E93B ; addr, local, , asterion, , src/asterion_high_rom.asm:1435
WAIT_FOR_INPUT                  = $EA9F ; addr, local, , asterion, , src/asterion_high_rom.asm:1634
WAIT_TO_REDRAW_F0_DOOR          = $ED69 ; addr, local, , asterion, , src/asterion_high_rom.asm:2051
WALL_F0_STATE                   = $33E8 ; const, local, , asterion, , src/asterion.inc:33
WALL_F3_STATE                   = $33EB ; const, local, , asterion, , src/asterion.inc:36
WARRIOR_POTION                  = $C2F5 ; addr, local, , asterion, , src/asterion_gfx.asm:527
WARRIOR_POTION_S                = $C30A ; addr, local, , asterion, , src/asterion_gfx.asm:533
WEAPON_PHYS                     = $3A99 ; const, local, , asterion, , src/asterion.inc:157
WEAPON_SPRT                     = $3A9B ; const, local, , asterion, , src/asterion.inc:158
WEAPON_VALUE_HOLDER             = $3AA8 ; const, local, , asterion, , src/asterion.inc:166
WEST_TXT                        = $F59A ; addr, local, , asterion, , src/asterion_high_rom.asm:3318
WIPE_VARIABLE_SPACE             = $D083 ; addr, local, , asterion, , src/asterion_func_low.asm:1164
WIPE_WALLS                      = $D225 ; addr, local, , asterion, , src/asterion_func_low.asm:1415
WIPE_WALLS_LOOP                 = $D230 ; addr, local, , asterion, , src/asterion_func_low.asm:1422
YOU_DIED_TXT                    = $C8C8 ; addr, local, , asterion, , src/asterion_gfx.asm:962
YOU_DIED_TXT_OLD                = $EFE5 ; addr, local, , asterion, , src/asterion_high_rom.asm:2408
__head                          = $C000 ; const, public, def, , ,
__size                          = $4000 ; const, public, def, , ,
__tail                          = $10000 ; const, public, def, , ,
